#
# A fatal error has been detected by the Java Runtime Environment:
#
#  EXCEPTION_ACCESS_VIOLATION (0xc0000005) at pc=0xffffffffffffffff, pid=8916, tid=9372
#
# JRE version: OpenJDK Runtime Environment Corretto-22.0.2.9.1 (22.0.2+9) (build 22.0.2+9-FR)
# Java VM: OpenJDK 64-Bit Server VM Corretto-22.0.2.9.1 (22.0.2+9-FR, mixed mode, sharing, tiered, compressed oops, compressed class ptrs, g1 gc, windows-amd64)
# Problematic frame:
# C  [jdwp.dll+0x1612f]
#
# No core dump will be written. Minidumps are not enabled by default on client versions of Windows
#
# If you would like to submit a bug report, please visit:
#   https://github.com/corretto/corretto-22/issues/
# The crash happened outside the Java Virtual Machine in native code.
# See problematic frame for where to report the bug.
#

---------------  S U M M A R Y ------------

Command Line: -Ddebugger.agent.enable.coroutines=true -Ddebugger.async.stack.trace.for.all.threads=true -Dforge.enableGameTest=true -Dforge.enabledGameTestNamespaces=realmarket -Dforge.logging.console.level=debug -Dforge.logging.markers=REGISTRIES -DignoreList=bootstraplauncher,securejarhandler,asm-commons,asm-util,asm-analysis,asm-tree,asm,JarJarFileSystems,client-extra,fmlcore,javafmllanguage,lowcodelanguage,mclanguage,forge- -Djava.net.preferIPv6Addresses=system -Dkotlinx.coroutines.debug.enable.creation.stack.trace=false -Dkotlinx.coroutines.debug.enable.flows.stack.trace=true -Dkotlinx.coroutines.debug.enable.mutable.state.flows.stack.trace=true -DlegacyClassPath.file=E:\Intellij Idea Projects\RealMarket\build\classpath\runClient_minecraftClasspath.txt -DmergeModules=jna-5.10.0.jar,jna-platform-5.10.0.jar -agentlib:jdwp=transport=dt_socket,server=n,suspend=y,address=127.0.0.1:59576 -javaagent:C:\Users\user\AppData\Local\JetBrains\IdeaIC2025.3\captureAgent\debugger-agent.jar=file:///C:/Users/user/AppData/Local/Temp/capture13840021650918023434.props --module-path=C:\Users\user\.gradle\caches\modules-2\files-2.1\cpw.mods\bootstraplauncher\1.1.2\c546e00443d8432cda6baa1c860346980742628\bootstraplauncher-1.1.2.jar;C:\Users\user\.gradle\caches\modules-2\files-2.1\cpw.mods\securejarhandler\2.1.10\51e6a22c6c716beb11e244bf5b8be480f51dd6b5\securejarhandler-2.1.10.jar;C:\Users\user\.gradle\caches\modules-2\files-2.1\org.ow2.asm\asm-commons\9.7.1\406c6a2225cfe1819f102a161e54cc16a5c24f75\asm-commons-9.7.1.jar;C:\Users\user\.gradle\caches\modules-2\files-2.1\org.ow2.asm\asm-util\9.7.1\9e23359b598ec6b74b23e53110dd5c577adf2243\asm-util-9.7.1.jar;C:\Users\user\.gradle\caches\modules-2\files-2.1\org.ow2.asm\asm-analysis\9.7.1\f97a3b319f0ed6a8cd944dc79060d3912a28985f\asm-analysis-9.7.1.jar;C:\Users\user\.gradle\caches\modules-2\files-2.1\org.ow2.asm\asm-tree\9.7.1\3a53139787663b139de76b627fca0084ab60d32c\asm-tree-9.7.1.jar;C:\Users\user\.gradle\caches\modules-2\files-2.1\org.ow2.asm\asm\9.7.1\f0ed132a49244b042cd0e15702ab9f2ce3cc8436\asm-9.7.1.jar;C:\Users\user\.gradle\caches\modules-2\files-2.1\net.minecraftforge\JarJarFileSystems\0.3.19\2464eb7d6b9ddb9db36a82cf8a95193e5c6fe020\JarJarFileSystems-0.3.19.jar --add-modules=ALL-MODULE-PATH --add-opens=java.base/java.util.jar=cpw.mods.securejarhandler --add-opens=java.base/java.lang.invoke=cpw.mods.securejarhandler --add-exports=java.base/sun.security.util=cpw.mods.securejarhandler --add-exports=jdk.naming.dns/com.sun.jndi.dns=java.naming -XX:HeapDumpPath=MojangTricksIntelDriversForPerformance_javaw.exe_minecraft.exe.heapdump -Dfile.encoding=UTF-8 -Duser.country=RU -Duser.language=ru -Duser.variant cpw.mods.bootstraplauncher.BootstrapLauncher --launchTarget forgeclientuserdev --version MOD_DEV --assetIndex 5 --assetsDir C:\Users\user\.gradle\caches\forge_gradle\assets --gameDir . --fml.forgeVersion 47.3.22 --fml.mcVersion 1.20.1 --fml.forgeGroup net.minecraftforge --fml.mcpVersion 20230612.114412 --username Chaos1924

Host: Intel(R) Core(TM) i5-3470 CPU @ 3.20GHz, 4 cores, 15G,  Windows 10 , 64 bit Build 19041 (10.0.19041.5915)
Time: Tue Mar 24 23:07:26 2026  Windows 10 , 64 bit Build 19041 (10.0.19041.5915) elapsed time: 7.810303 seconds (0d 0h 0m 7s)

---------------  T H R E A D  ---------------

Current thread (0x0000023ddf39e200):  JavaThread "main"             [_thread_in_native, id=9372, stack(0x000000507ea00000,0x000000507eb00000) (1024K)]

Stack: [0x000000507ea00000,0x000000507eb00000],  sp=0x000000507eafe140,  free space=1016k
Native frames: (J=compiled Java code, j=interpreted, Vv=VM code, C=native code)
C  0xffffffffffffffff  (no source info available)

Java frames: (J=compiled Java code, j=interpreted, Vv=VM code)
j  org.lwjgl.glfw.GLFW.glfwInit()Z+0 org.lwjgl.glfw@3.3.1+7
j  net.minecraftforge.fml.earlydisplay.DisplayWindow.initWindow(Ljava/lang/String;)V+4 fmlearlydisplay@1.20.1-47.3.22
j  net.minecraftforge.fml.earlydisplay.DisplayWindow.start(Ljava/lang/String;Ljava/lang/String;)Ljava/lang/Runnable;+14 fmlearlydisplay@1.20.1-47.3.22
j  net.minecraftforge.fml.earlydisplay.DisplayWindow.initialize([Ljava/lang/String;)Ljava/lang/Runnable;+402 fmlearlydisplay@1.20.1-47.3.22
j  net.minecraftforge.fml.loading.ImmediateWindowHandler.load(Ljava/lang/String;[Ljava/lang/String;)V+180 fmlloader@1.20.1-47.3.22
j  net.minecraftforge.fml.loading.ModDirTransformerDiscoverer.earlyInitialization(Ljava/lang/String;[Ljava/lang/String;)V+2 fmlloader@1.20.1-47.3.22
j  cpw.mods.modlauncher.TransformationServicesHandler.lambda$discoverServices$18(Lcpw/mods/modlauncher/ArgumentHandler$DiscoveryData;Lcpw/mods/modlauncher/serviceapi/ITransformerDiscoveryService;)V+9 cpw.mods.modlauncher@10.0.9
j  cpw.mods.modlauncher.TransformationServicesHandler$$Lambda+0x0000023d8123a318.accept(Ljava/lang/Object;)V+8 cpw.mods.modlauncher@10.0.9
j  java.lang.Iterable.forEach(Ljava/util/function/Consumer;)V+30 java.base@22.0.2
j  cpw.mods.modlauncher.TransformationServicesHandler.discoverServices(Lcpw/mods/modlauncher/ArgumentHandler$DiscoveryData;)V+145 cpw.mods.modlauncher@10.0.9
j  cpw.mods.modlauncher.Launcher.run([Ljava/lang/String;)V+14 cpw.mods.modlauncher@10.0.9
j  cpw.mods.modlauncher.Launcher.main([Ljava/lang/String;)V+78 cpw.mods.modlauncher@10.0.9
j  cpw.mods.modlauncher.BootstrapLaunchConsumer.accept([Ljava/lang/String;)V+1 cpw.mods.modlauncher@10.0.9
j  cpw.mods.modlauncher.BootstrapLaunchConsumer.accept(Ljava/lang/Object;)V+5 cpw.mods.modlauncher@10.0.9
j  cpw.mods.bootstraplauncher.BootstrapLauncher.main([Ljava/lang/String;)V+515 cpw.mods.bootstraplauncher@1.1.2
v  ~StubRoutines::call_stub 0x0000023df076100d

siginfo: EXCEPTION_ACCESS_VIOLATION (0xc0000005), data execution prevention violation at address 0xffffffffffffffff


Registers:
RAX=0x0000023dc89ea060, RBX=0x0000023ddf38f760, RCX=0x0000023ddf39e5c0, RDX=0x0000023ddf38f760
RSP=0x000000507eafe138, RBP=0x0000000000000002, RSI=0x000000507eafe1e0, RDI=0x0000023ddf39e5c0
R8 =0x0000000000010002, R9 =0x0000000000000000, R10=0x0000023d8128d130, R11=0x000000507eafe108
R12=0x0000000000000007, R13=0x0000023ddf497650, R14=0x00007ffdf9670300, R15=0x0000000000000000
RIP=0xffffffffffffffff, EFLAGS=0x0000000000010206


Register to memory mapping:

RAX=0x0000023dc89ea060 points into unknown readable memory: 0x0000000000000000 | 00 00 00 00 00 00 00 00
RBX=0x0000023ddf38f760 points into unknown readable memory: 0x0000000701bce0e8 | e8 e0 bc 01 07 00 00 00
RCX=0x0000023ddf39e5c0 points into unknown readable memory: 0x0000023dc89ea060 | 60 a0 9e c8 3d 02 00 00
RDX=0x0000023ddf38f760 points into unknown readable memory: 0x0000000701bce0e8 | e8 e0 bc 01 07 00 00 00
RSP=0x000000507eafe138 is pointing into the stack for thread: 0x0000023ddf39e200
RBP=0x0000000000000002 is an unknown value
RSI=0x000000507eafe1e0 is pointing into the stack for thread: 0x0000023ddf39e200
RDI=0x0000023ddf39e5c0 points into unknown readable memory: 0x0000023dc89ea060 | 60 a0 9e c8 3d 02 00 00
R8 =0x0000000000010002 is an unknown value
R9 =0x0 is null
R10=0x0000023d8128d130 is pointing into metadata
R11=0x000000507eafe108 is pointing into the stack for thread: 0x0000023ddf39e200
R12=0x0000000000000007 is an unknown value
R13=0x0000023ddf497650 points into unknown readable memory: 0x00007ffdde2d6db0 | b0 6d 2d de fd 7f 00 00
R14=0x00007ffdf9670300 jdwp.dll
R15=0x0 is null

Top of Stack: (sp=0x000000507eafe138)
0x000000507eafe138:   00007ffdf965612f 0000023ddf38f760
0x000000507eafe148:   000000507eafe1e0 0000000000000000
0x000000507eafe158:   0000000000000000 00007ffdde35fe90
0x000000507eafe168:   0000023de9230010 0000023ddf38c080
0x000000507eafe178:   00007ffdf96703a0 0000023ddf38f760
0x000000507eafe188:   00007ffdf96527af 0000023ddf38f760
0x000000507eafe198:   0000000000000002 0000023ddf39e5c0
0x000000507eafe1a8:   0000023ddf38f768 00000005cac20100
0x000000507eafe1b8:   0000023d8128cf40 0000000000000000
0x000000507eafe1c8:   0000023ddf44c7b0 000000507eafe440
0x000000507eafe1d8:   0000023d8128cf40 0000000000000007
0x000000507eafe1e8:   0000023ddf38f760 0000000000000000
0x000000507eafe1f8:   0000023ddf38f768 0000000000000000
0x000000507eafe208:   0000000000000000 0000000000000000
0x000000507eafe218:   0000000000000000 0000000000000000
0x000000507eafe228:   0000000000000000 0000000000000000
0x000000507eafe238:   0000023d8128cf40 0000023d8128cf40
0x000000507eafe248:   00007ffdddc20e67 0000023ddf38f768
0x000000507eafe258:   0000023dc52d3cc0 0000023ddf39e200
0x000000507eafe268:   00007ffdddc487ea 0000023ddf38c030
0x000000507eafe278:   0000023d8128cf40 0000000000000000
0x000000507eafe288:   000000507eafe390 0000023d8128cf40
0x000000507eafe298:   0000000000000001 0000023ddf44c0b0
0x000000507eafe2a8:   0000023ddf39e870 0000023ddf39e880
0x000000507eafe2b8:   0000023ddf39ec58 00000000000003d8
0x000000507eafe2c8:   0000023ddf39e200 0000023ddf39e200
0x000000507eafe2d8:   0000023ddf44c7b0 0000023ddf38aa40
0x000000507eafe2e8:   0000023ddf38aa50 0000023ddf38ab28
0x000000507eafe2f8:   00000000000000d8 000000507eafe310
0x000000507eafe308:   00007ffddd909c08 0000023ddf39e200
0x000000507eafe318:   0000023ddf44c7b0 0000023ddf38aa40
0x000000507eafe328:   0000023ddf38aa50 0000023ddf38ab28 

Instructions: (pc=0x00007ffdf965612f)
0x00007ffdf965602f:   2c 41 b8 61 02 00 00 48 8d 0d 0b 6f 01 00 48 8b
0x00007ffdf965603f:   d3 e8 57 50 00 00 41 8b cc e8 3b a0 ff ff 48 8b
0x00007ffdf965604f:   d0 48 8d 0d 89 a4 01 00 e8 e8 50 00 00 4c 8b 4e
0x00007ffdf965605f:   28 48 8d 0d 91 a4 01 00 4c 8b 46 20 48 8b 56 08
0x00007ffdf965606f:   e8 40 0d 01 00 48 8b 05 75 10 02 00 f6 80 10 02
0x00007ffdf965607f:   00 00 02 74 28 41 b8 6a 02 00 00 48 8d 0d 17 63
0x00007ffdf965608f:   01 00 48 8b d3 e8 03 50 00 00 48 8d 15 00 64 01
0x00007ffdf965609f:   00 48 8d 0d 19 63 01 00 e8 98 50 00 00 48 8b 07
0x00007ffdf96560af:   48 8b cf ff 50 78 48 8b 0d 34 10 02 00 4c 8b f8
0x00007ffdf96560bf:   f6 81 10 02 00 00 02 74 28 41 b8 6b 02 00 00 48
0x00007ffdf96560cf:   8d 0d d3 62 01 00 48 8b d3 e8 bf 4f 00 00 48 8d
0x00007ffdf96560df:   15 f4 63 01 00 48 8d 0d d5 62 01 00 e8 54 50 00
0x00007ffdf96560ef:   00 48 8b 07 48 8b cf ff 90 88 00 00 00 83 3d a9
0x00007ffdf96560ff:   0b 02 00 00 76 0c e8 02 5c ff ff 83 25 9b 0b 02
0x00007ffdf965610f:   00 00 48 8b 5e 08 48 85 db 74 4b 48 8b 05 cf 0f
0x00007ffdf965611f:   02 00 80 78 13 00 74 0b 48 8b cb e8 f5 06 01 00
0x00007ffdf965612f:   88 46 10 4d 8b c7 48 8b d6 41 8a ce e8 14 a1 00
0x00007ffdf965613f:   00 48 8b e8 48 85 c0 75 25 48 8b cb e8 98 44 00
0x00007ffdf965614f:   00 84 c0 0f 84 ea 00 00 00 48 8b d3 41 8a ce e8
0x00007ffdf965615f:   ad 13 00 00 eb e3 e8 0e 0e 00 00 48 8b e8 4c 8b
0x00007ffdf965616f:   cd 44 88 74 24 20 45 8b c4 48 8b d6 48 8b cf e8
0x00007ffdf965617f:   e1 00 00 00 83 3e 14 75 0b 48 8b 05 61 0f 02 00
0x00007ffdf965618f:   c6 40 10 01 48 85 db 75 08 48 8b cd e8 3c 53 ff
0x00007ffdf965619f:   ff 48 8b 05 49 0f 02 00 4d 85 ff 74 43 f6 80 10
0x00007ffdf96561af:   02 00 00 02 74 2c 41 b8 b3 02 00 00 48 8d 15 de
0x00007ffdf96561bf:   a1 01 00 48 8d 0d df 61 01 00 e8 ce 4e 00 00 48
0x00007ffdf96561cf:   8d 15 2b 7d 01 00 48 8d 0d e4 61 01 00 e8 63 4f
0x00007ffdf96561df:   00 00 48 8b 07 49 8b d7 48 8b cf ff 50 68 eb 41
0x00007ffdf96561ef:   f6 80 10 02 00 00 02 74 2c 41 b8 b5 02 00 00 48
0x00007ffdf96561ff:   8d 15 9b a1 01 00 48 8d 0d 9c 61 01 00 e8 8b 4e
0x00007ffdf965620f:   00 00 48 8d 15 c0 62 01 00 48 8d 0d a1 61 01 00
0x00007ffdf965621f:   e8 20 4f 00 00 48 8b 07 48 8b cf ff 90 88 00 00 


Stack slot to memory mapping:

stack at sp + 0 slots: 0x0000023ddf38f760 points into unknown readable memory: 0x0000000701bce0e8 | e8 e0 bc 01 07 00 00 00
stack at sp + 1 slots: 0x000000507eafe1e0 is pointing into the stack for thread: 0x0000023ddf39e200
stack at sp + 2 slots: 0x0 is null
stack at sp + 3 slots: 0x0 is null
stack at sp + 4 slots: 0x00007ffdde35fe90 jvm.dll
stack at sp + 5 slots: 0x0000023de9230010 is at entry_point+-400 in (nmethod*)0x0000023de9230010
Compiled method (c1) 7968    1       3       java.lang.Object::<init> (1 bytes)
 total in heap  [0x0000023de9230010,0x0000023de9230300] = 752
 relocation     [0x0000023de9230168,0x0000023de9230198] = 48
 main code      [0x0000023de92301a0,0x0000023de9230270] = 208
 stub code      [0x0000023de9230270,0x0000023de92302a8] = 56
 metadata       [0x0000023de92302a8,0x0000023de92302b8] = 16
 scopes data    [0x0000023de92302b8,0x0000023de92302c8] = 16
 scopes pcs     [0x0000023de92302c8,0x0000023de92302f8] = 48
 dependencies   [0x0000023de92302f8,0x0000023de9230300] = 8
stack at sp + 6 slots: 0x0000023ddf38c080 points into unknown readable memory: 0x8000001600000001 | 01 00 00 00 16 00 00 80
stack at sp + 7 slots: 0x00007ffdf96703a0 jdwp.dll


---------------  P R O C E S S  ---------------

Threads class SMR info:
_java_thread_list=0x0000023dc8283bc0, length=16, elements={
0x0000023ddf39e200, 0x0000023dffe35010, 0x0000023dffe35c70, 0x0000023dffe36cf0,
0x0000023dffe399e0, 0x0000023dffe3a440, 0x0000023dffe3aea0, 0x0000023dffe3c040,
0x0000023dffe3eb00, 0x0000023dc520b320, 0x0000023dc52f6a50, 0x0000023dc53faef0,
0x0000023dc53c3ca0, 0x0000023dc5481380, 0x0000023dc5354e40, 0x0000023dc7c1dfe0
}

Java Threads: ( => current thread )
=>0x0000023ddf39e200 JavaThread "main"                              [_thread_in_native, id=9372, stack(0x000000507ea00000,0x000000507eb00000) (1024K)]
  0x0000023dffe35010 JavaThread "Reference Handler"          daemon [_thread_blocked, id=13232, stack(0x000000507f200000,0x000000507f300000) (1024K)]
  0x0000023dffe35c70 JavaThread "Finalizer"                  daemon [_thread_blocked, id=5824, stack(0x000000507f300000,0x000000507f400000) (1024K)]
  0x0000023dffe36cf0 JavaThread "Signal Dispatcher"          daemon [_thread_blocked, id=9756, stack(0x000000507f400000,0x000000507f500000) (1024K)]
  0x0000023dffe399e0 JavaThread "Attach Listener"            daemon [_thread_blocked, id=12572, stack(0x000000507f500000,0x000000507f600000) (1024K)]
  0x0000023dffe3a440 JavaThread "Service Thread"             daemon [_thread_blocked, id=11868, stack(0x000000507f600000,0x000000507f700000) (1024K)]
  0x0000023dffe3aea0 JavaThread "Monitor Deflation Thread"   daemon [_thread_blocked, id=2840, stack(0x000000507f700000,0x000000507f800000) (1024K)]
  0x0000023dffe3c040 JavaThread "C2 CompilerThread0"         daemon [_thread_in_native, id=1892, stack(0x000000507f800000,0x000000507f900000) (1024K)]
  0x0000023dffe3eb00 JavaThread "C1 CompilerThread0"         daemon [_thread_blocked, id=9084, stack(0x000000507f900000,0x000000507fa00000) (1024K)]
  0x0000023dc520b320 JavaThread "Common-Cleaner"             daemon [_thread_blocked, id=5288, stack(0x000000507fa00000,0x000000507fb00000) (1024K)]
  0x0000023dc52f6a50 JavaThread "JDWP Transport Listener: dt_socket" daemon [_thread_blocked, id=2216, stack(0x000000507fc00000,0x000000507fd00000) (1024K)]
  0x0000023dc53faef0 JavaThread "JDWP Event Helper Thread"   daemon [_thread_blocked, id=8928, stack(0x000000507fd00000,0x000000507fe00000) (1024K)]
  0x0000023dc53c3ca0 JavaThread "JDWP Command Reader"        daemon [_thread_in_native, id=5732, stack(0x000000507fe00000,0x000000507ff00000) (1024K)]
  0x0000023dc5481380 JavaThread "IntelliJ Suspend Helper"    daemon [_thread_blocked, id=7248, stack(0x000000507ff00000,0x0000005080000000) (1024K)]
  0x0000023dc5354e40 JavaThread "Notification Thread"        daemon [_thread_blocked, id=9620, stack(0x0000005000000000,0x0000005000100000) (1024K)]
  0x0000023dc7c1dfe0 JavaThread "C2 CompilerThread1"         daemon [_thread_in_native, id=7344, stack(0x0000005000100000,0x0000005000200000) (1024K)]
Total: 16

Other Threads:
  0x0000023dffe14a30 VMThread "VM Thread"                           [id=1324, stack(0x000000507f100000,0x000000507f200000) (1024K)]
  0x0000023dffe00cc0 WatcherThread "VM Periodic Task Thread"        [id=2500, stack(0x000000507f000000,0x000000507f100000) (1024K)]
  0x0000023ddf513230 WorkerThread "GC Thread#0"                     [id=7892, stack(0x000000507eb00000,0x000000507ec00000) (1024K)]
  0x0000023dc59fa5f0 WorkerThread "GC Thread#1"                     [id=3948, stack(0x0000005000200000,0x0000005000300000) (1024K)]
  0x0000023dc59fa9a0 WorkerThread "GC Thread#2"                     [id=12612, stack(0x0000005000300000,0x0000005000400000) (1024K)]
  0x0000023dc5733d00 WorkerThread "GC Thread#3"                     [id=1648, stack(0x0000005000400000,0x0000005000500000) (1024K)]
  0x0000023ddf525090 ConcurrentGCThread "G1 Main Marker"            [id=9568, stack(0x000000507ec00000,0x000000507ed00000) (1024K)]
  0x0000023ddf5260f0 WorkerThread "G1 Conc#0"                       [id=1988, stack(0x000000507ed00000,0x000000507ee00000) (1024K)]
  0x0000023dffcc15e0 ConcurrentGCThread "G1 Refine#0"               [id=3040, stack(0x000000507ee00000,0x000000507ef00000) (1024K)]
  0x0000023dffcc1f10 ConcurrentGCThread "G1 Service"                [id=2992, stack(0x000000507ef00000,0x000000507f000000) (1024K)]
Total: 10

Threads with active compile tasks:
C2 CompilerThread0  7973 3969       4       java.nio.file.NoSuchFileException::<init> (6 bytes)
C2 CompilerThread1  7973 3953       4       java.lang.invoke.MethodType::makeImpl (109 bytes)
Total: 2

VM state: not at safepoint (normal execution)

VM Mutex/Monitor currently owned by a thread: None

Heap address: 0x0000000701000000, size: 4080 MB, Compressed Oops mode: Zero based, Oop shift amount: 3

CDS archive(s) mapped at: [0x0000023d80000000-0x0000023d80c60000-0x0000023d80c60000), size 12976128, SharedBaseAddress: 0x0000023d80000000, ArchiveRelocationMode: 1.
Compressed class space mapped at: 0x0000023d81000000-0x0000023dc1000000, reserved size: 1073741824
Narrow klass base: 0x0000023d80000000, Narrow klass shift: 0, Narrow klass range: 0x41000000

GC Precious Log:
 CardTable entry size: 512
 Card Set container configuration: InlinePtr #cards 4 size 8 Array Of Cards #cards 16 size 48 Howl #buckets 8 coarsen threshold 3686 Howl Bitmap #cards 512 size 80 coarsen threshold 460 Card regions per heap region 1 cards per card region 4096
 CPUs: 4 total, 4 available
 Memory: 16312M
 Large Page Support: Disabled
 NUMA Support: Disabled
 Compressed Oops: Enabled (Zero based)
 Heap Region Size: 2M
 Heap Min Capacity: 8M
 Heap Initial Capacity: 256M
 Heap Max Capacity: 4080M
 Pre-touch: Disabled
 Parallel Workers: 4
 Concurrent Workers: 1
 Concurrent Refinement Workers: 4
 Periodic GC: Disabled

Heap:
 garbage-first heap   total reserved 4177920K, committed 262144K, used 160339K [0x0000000701000000, 0x0000000800000000)
  region size 2048K, 73 young (149504K), 9 survivors (18432K)
 Metaspace       used 21140K, committed 21504K, reserved 1114112K
  class space    used 2331K, committed 2496K, reserved 1048576K

Heap Regions: E=young(eden), S=young(survivor), O=old, HS=humongous(starts), HC=humongous(continues), CS=collection set, F=free, TAMS=top-at-mark-start, PB=parsable bottom
|   0|0x0000000701000000, 0x0000000701200000, 0x0000000701200000|100%|HS|  |TAMS 0x0000000701000000| PB 0x0000000701000000| Complete |  0
|   1|0x0000000701200000, 0x0000000701400000, 0x0000000701400000|100%| O|  |TAMS 0x0000000701200000| PB 0x0000000701200000| Untracked |  0
|   2|0x0000000701400000, 0x0000000701600000, 0x0000000701600000|100%|HS|  |TAMS 0x0000000701400000| PB 0x0000000701400000| Complete |  0
|   3|0x0000000701600000, 0x0000000701800000, 0x0000000701800000|100%|HS|  |TAMS 0x0000000701600000| PB 0x0000000701600000| Complete |  0
|   4|0x0000000701800000, 0x0000000701a00000, 0x0000000701a00000|100%| O|  |TAMS 0x0000000701800000| PB 0x0000000701800000| Untracked |  0
|   5|0x0000000701a00000, 0x0000000701c00000, 0x0000000701c00000|100%| O|  |TAMS 0x0000000701a00000| PB 0x0000000701a00000| Untracked |  0
|   6|0x0000000701c00000, 0x0000000701e00000, 0x0000000701e00000|100%|HS|  |TAMS 0x0000000701c00000| PB 0x0000000701c00000| Complete |  0
|   7|0x0000000701e00000, 0x0000000701f676a8, 0x0000000702000000| 70%| O|  |TAMS 0x0000000701e00000| PB 0x0000000701e00000| Untracked |  0
|   8|0x0000000702000000, 0x0000000702000000, 0x0000000702200000|  0%| F|  |TAMS 0x0000000702000000| PB 0x0000000702000000| Untracked |  0
|   9|0x0000000702200000, 0x0000000702200000, 0x0000000702400000|  0%| F|  |TAMS 0x0000000702200000| PB 0x0000000702200000| Untracked |  0
|  10|0x0000000702400000, 0x0000000702400000, 0x0000000702600000|  0%| F|  |TAMS 0x0000000702400000| PB 0x0000000702400000| Untracked |  0
|  11|0x0000000702600000, 0x0000000702600000, 0x0000000702800000|  0%| F|  |TAMS 0x0000000702600000| PB 0x0000000702600000| Untracked |  0
|  12|0x0000000702800000, 0x0000000702800000, 0x0000000702a00000|  0%| F|  |TAMS 0x0000000702800000| PB 0x0000000702800000| Untracked |  0
|  13|0x0000000702a00000, 0x0000000702a00000, 0x0000000702c00000|  0%| F|  |TAMS 0x0000000702a00000| PB 0x0000000702a00000| Untracked |  0
|  14|0x0000000702c00000, 0x0000000702c00000, 0x0000000702e00000|  0%| F|  |TAMS 0x0000000702c00000| PB 0x0000000702c00000| Untracked |  0
|  15|0x0000000702e00000, 0x0000000702e00000, 0x0000000703000000|  0%| F|  |TAMS 0x0000000702e00000| PB 0x0000000702e00000| Untracked |  0
|  16|0x0000000703000000, 0x0000000703000000, 0x0000000703200000|  0%| F|  |TAMS 0x0000000703000000| PB 0x0000000703000000| Untracked |  0
|  17|0x0000000703200000, 0x0000000703200000, 0x0000000703400000|  0%| F|  |TAMS 0x0000000703200000| PB 0x0000000703200000| Untracked |  0
|  18|0x0000000703400000, 0x0000000703400000, 0x0000000703600000|  0%| F|  |TAMS 0x0000000703400000| PB 0x0000000703400000| Untracked |  0
|  19|0x0000000703600000, 0x0000000703600000, 0x0000000703800000|  0%| F|  |TAMS 0x0000000703600000| PB 0x0000000703600000| Untracked |  0
|  20|0x0000000703800000, 0x0000000703800000, 0x0000000703a00000|  0%| F|  |TAMS 0x0000000703800000| PB 0x0000000703800000| Untracked |  0
|  21|0x0000000703a00000, 0x0000000703a00000, 0x0000000703c00000|  0%| F|  |TAMS 0x0000000703a00000| PB 0x0000000703a00000| Untracked |  0
|  22|0x0000000703c00000, 0x0000000703c00000, 0x0000000703e00000|  0%| F|  |TAMS 0x0000000703c00000| PB 0x0000000703c00000| Untracked |  0
|  23|0x0000000703e00000, 0x0000000703e00000, 0x0000000704000000|  0%| F|  |TAMS 0x0000000703e00000| PB 0x0000000703e00000| Untracked |  0
|  24|0x0000000704000000, 0x0000000704000000, 0x0000000704200000|  0%| F|  |TAMS 0x0000000704000000| PB 0x0000000704000000| Untracked |  0
|  25|0x0000000704200000, 0x0000000704200000, 0x0000000704400000|  0%| F|  |TAMS 0x0000000704200000| PB 0x0000000704200000| Untracked |  0
|  26|0x0000000704400000, 0x0000000704400000, 0x0000000704600000|  0%| F|  |TAMS 0x0000000704400000| PB 0x0000000704400000| Untracked |  0
|  27|0x0000000704600000, 0x0000000704600000, 0x0000000704800000|  0%| F|  |TAMS 0x0000000704600000| PB 0x0000000704600000| Untracked |  0
|  28|0x0000000704800000, 0x0000000704800000, 0x0000000704a00000|  0%| F|  |TAMS 0x0000000704800000| PB 0x0000000704800000| Untracked |  0
|  29|0x0000000704a00000, 0x0000000704a00000, 0x0000000704c00000|  0%| F|  |TAMS 0x0000000704a00000| PB 0x0000000704a00000| Untracked |  0
|  30|0x0000000704c00000, 0x0000000704c00000, 0x0000000704e00000|  0%| F|  |TAMS 0x0000000704c00000| PB 0x0000000704c00000| Untracked |  0
|  31|0x0000000704e00000, 0x0000000704e00000, 0x0000000705000000|  0%| F|  |TAMS 0x0000000704e00000| PB 0x0000000704e00000| Untracked |  0
|  32|0x0000000705000000, 0x0000000705000000, 0x0000000705200000|  0%| F|  |TAMS 0x0000000705000000| PB 0x0000000705000000| Untracked |  0
|  33|0x0000000705200000, 0x0000000705200000, 0x0000000705400000|  0%| F|  |TAMS 0x0000000705200000| PB 0x0000000705200000| Untracked |  0
|  34|0x0000000705400000, 0x0000000705400000, 0x0000000705600000|  0%| F|  |TAMS 0x0000000705400000| PB 0x0000000705400000| Untracked |  0
|  35|0x0000000705600000, 0x0000000705600000, 0x0000000705800000|  0%| F|  |TAMS 0x0000000705600000| PB 0x0000000705600000| Untracked |  0
|  36|0x0000000705800000, 0x0000000705800000, 0x0000000705a00000|  0%| F|  |TAMS 0x0000000705800000| PB 0x0000000705800000| Untracked |  0
|  37|0x0000000705a00000, 0x0000000705a00000, 0x0000000705c00000|  0%| F|  |TAMS 0x0000000705a00000| PB 0x0000000705a00000| Untracked |  0
|  38|0x0000000705c00000, 0x0000000705c00000, 0x0000000705e00000|  0%| F|  |TAMS 0x0000000705c00000| PB 0x0000000705c00000| Untracked |  0
|  39|0x0000000705e00000, 0x0000000705e00000, 0x0000000706000000|  0%| F|  |TAMS 0x0000000705e00000| PB 0x0000000705e00000| Untracked |  0
|  40|0x0000000706000000, 0x0000000706000000, 0x0000000706200000|  0%| F|  |TAMS 0x0000000706000000| PB 0x0000000706000000| Untracked |  0
|  41|0x0000000706200000, 0x0000000706200000, 0x0000000706400000|  0%| F|  |TAMS 0x0000000706200000| PB 0x0000000706200000| Untracked |  0
|  42|0x0000000706400000, 0x0000000706400000, 0x0000000706600000|  0%| F|  |TAMS 0x0000000706400000| PB 0x0000000706400000| Untracked |  0
|  43|0x0000000706600000, 0x000000070672d878, 0x0000000706800000| 58%| S|CS|TAMS 0x0000000706600000| PB 0x0000000706600000| Complete |  0
|  44|0x0000000706800000, 0x0000000706a00000, 0x0000000706a00000|100%| S|CS|TAMS 0x0000000706800000| PB 0x0000000706800000| Complete |  0
|  45|0x0000000706a00000, 0x0000000706c00000, 0x0000000706c00000|100%| S|CS|TAMS 0x0000000706a00000| PB 0x0000000706a00000| Complete |  0
|  46|0x0000000706c00000, 0x0000000706c00000, 0x0000000706e00000|  0%| F|  |TAMS 0x0000000706c00000| PB 0x0000000706c00000| Untracked |  0
|  47|0x0000000706e00000, 0x0000000706e00000, 0x0000000707000000|  0%| F|  |TAMS 0x0000000706e00000| PB 0x0000000706e00000| Untracked |  0
|  48|0x0000000707000000, 0x0000000707000000, 0x0000000707200000|  0%| F|  |TAMS 0x0000000707000000| PB 0x0000000707000000| Untracked |  0
|  49|0x0000000707200000, 0x0000000707200000, 0x0000000707400000|  0%| F|  |TAMS 0x0000000707200000| PB 0x0000000707200000| Untracked |  0
|  50|0x0000000707400000, 0x0000000707400000, 0x0000000707600000|  0%| F|  |TAMS 0x0000000707400000| PB 0x0000000707400000| Untracked |  0
|  51|0x0000000707600000, 0x0000000707600000, 0x0000000707800000|  0%| F|  |TAMS 0x0000000707600000| PB 0x0000000707600000| Untracked |  0
|  52|0x0000000707800000, 0x0000000707a00000, 0x0000000707a00000|100%| S|CS|TAMS 0x0000000707800000| PB 0x0000000707800000| Complete |  0
|  53|0x0000000707a00000, 0x0000000707c00000, 0x0000000707c00000|100%| S|CS|TAMS 0x0000000707a00000| PB 0x0000000707a00000| Complete |  0
|  54|0x0000000707c00000, 0x0000000707e00000, 0x0000000707e00000|100%| S|CS|TAMS 0x0000000707c00000| PB 0x0000000707c00000| Complete |  0
|  55|0x0000000707e00000, 0x0000000708000000, 0x0000000708000000|100%| S|CS|TAMS 0x0000000707e00000| PB 0x0000000707e00000| Complete |  0
|  56|0x0000000708000000, 0x0000000708200000, 0x0000000708200000|100%| S|CS|TAMS 0x0000000708000000| PB 0x0000000708000000| Complete |  0
|  57|0x0000000708200000, 0x0000000708400000, 0x0000000708400000|100%| S|CS|TAMS 0x0000000708200000| PB 0x0000000708200000| Complete |  0
|  58|0x0000000708400000, 0x0000000708400000, 0x0000000708600000|  0%| F|  |TAMS 0x0000000708400000| PB 0x0000000708400000| Untracked |  0
|  59|0x0000000708600000, 0x0000000708600000, 0x0000000708800000|  0%| F|  |TAMS 0x0000000708600000| PB 0x0000000708600000| Untracked |  0
|  60|0x0000000708800000, 0x0000000708800000, 0x0000000708a00000|  0%| F|  |TAMS 0x0000000708800000| PB 0x0000000708800000| Untracked |  0
|  61|0x0000000708a00000, 0x0000000708a00000, 0x0000000708c00000|  0%| F|  |TAMS 0x0000000708a00000| PB 0x0000000708a00000| Untracked |  0
|  62|0x0000000708c00000, 0x0000000708c00000, 0x0000000708e00000|  0%| F|  |TAMS 0x0000000708c00000| PB 0x0000000708c00000| Untracked |  0
|  63|0x0000000708e00000, 0x0000000708e00000, 0x0000000709000000|  0%| F|  |TAMS 0x0000000708e00000| PB 0x0000000708e00000| Untracked |  0
|  64|0x0000000709000000, 0x0000000709159410, 0x0000000709200000| 67%| E|  |TAMS 0x0000000709000000| PB 0x0000000709000000| Complete |  0
|  65|0x0000000709200000, 0x0000000709400000, 0x0000000709400000|100%| E|  |TAMS 0x0000000709200000| PB 0x0000000709200000| Complete |  0
|  66|0x0000000709400000, 0x0000000709600000, 0x0000000709600000|100%| E|CS|TAMS 0x0000000709400000| PB 0x0000000709400000| Complete |  0
|  67|0x0000000709600000, 0x0000000709800000, 0x0000000709800000|100%| E|CS|TAMS 0x0000000709600000| PB 0x0000000709600000| Complete |  0
|  68|0x0000000709800000, 0x0000000709a00000, 0x0000000709a00000|100%| E|CS|TAMS 0x0000000709800000| PB 0x0000000709800000| Complete |  0
|  69|0x0000000709a00000, 0x0000000709c00000, 0x0000000709c00000|100%| E|CS|TAMS 0x0000000709a00000| PB 0x0000000709a00000| Complete |  0
|  70|0x0000000709c00000, 0x0000000709e00000, 0x0000000709e00000|100%| E|CS|TAMS 0x0000000709c00000| PB 0x0000000709c00000| Complete |  0
|  71|0x0000000709e00000, 0x000000070a000000, 0x000000070a000000|100%| E|CS|TAMS 0x0000000709e00000| PB 0x0000000709e00000| Complete |  0
|  72|0x000000070a000000, 0x000000070a200000, 0x000000070a200000|100%| E|CS|TAMS 0x000000070a000000| PB 0x000000070a000000| Complete |  0
|  73|0x000000070a200000, 0x000000070a400000, 0x000000070a400000|100%| E|CS|TAMS 0x000000070a200000| PB 0x000000070a200000| Complete |  0
|  74|0x000000070a400000, 0x000000070a600000, 0x000000070a600000|100%| E|CS|TAMS 0x000000070a400000| PB 0x000000070a400000| Complete |  0
|  75|0x000000070a600000, 0x000000070a800000, 0x000000070a800000|100%| E|CS|TAMS 0x000000070a600000| PB 0x000000070a600000| Complete |  0
|  76|0x000000070a800000, 0x000000070aa00000, 0x000000070aa00000|100%| E|CS|TAMS 0x000000070a800000| PB 0x000000070a800000| Complete |  0
|  77|0x000000070aa00000, 0x000000070ac00000, 0x000000070ac00000|100%| E|CS|TAMS 0x000000070aa00000| PB 0x000000070aa00000| Complete |  0
|  78|0x000000070ac00000, 0x000000070ae00000, 0x000000070ae00000|100%| E|CS|TAMS 0x000000070ac00000| PB 0x000000070ac00000| Complete |  0
|  79|0x000000070ae00000, 0x000000070b000000, 0x000000070b000000|100%| E|CS|TAMS 0x000000070ae00000| PB 0x000000070ae00000| Complete |  0
|  80|0x000000070b000000, 0x000000070b200000, 0x000000070b200000|100%| E|CS|TAMS 0x000000070b000000| PB 0x000000070b000000| Complete |  0
|  81|0x000000070b200000, 0x000000070b400000, 0x000000070b400000|100%| E|CS|TAMS 0x000000070b200000| PB 0x000000070b200000| Complete |  0
|  82|0x000000070b400000, 0x000000070b600000, 0x000000070b600000|100%| E|CS|TAMS 0x000000070b400000| PB 0x000000070b400000| Complete |  0
|  83|0x000000070b600000, 0x000000070b800000, 0x000000070b800000|100%| E|CS|TAMS 0x000000070b600000| PB 0x000000070b600000| Complete |  0
|  84|0x000000070b800000, 0x000000070ba00000, 0x000000070ba00000|100%| E|CS|TAMS 0x000000070b800000| PB 0x000000070b800000| Complete |  0
|  85|0x000000070ba00000, 0x000000070bc00000, 0x000000070bc00000|100%| E|CS|TAMS 0x000000070ba00000| PB 0x000000070ba00000| Complete |  0
|  86|0x000000070bc00000, 0x000000070be00000, 0x000000070be00000|100%| E|CS|TAMS 0x000000070bc00000| PB 0x000000070bc00000| Complete |  0
|  87|0x000000070be00000, 0x000000070c000000, 0x000000070c000000|100%| E|CS|TAMS 0x000000070be00000| PB 0x000000070be00000| Complete |  0
|  88|0x000000070c000000, 0x000000070c200000, 0x000000070c200000|100%| E|CS|TAMS 0x000000070c000000| PB 0x000000070c000000| Complete |  0
|  89|0x000000070c200000, 0x000000070c400000, 0x000000070c400000|100%| E|CS|TAMS 0x000000070c200000| PB 0x000000070c200000| Complete |  0
|  90|0x000000070c400000, 0x000000070c600000, 0x000000070c600000|100%| E|CS|TAMS 0x000000070c400000| PB 0x000000070c400000| Complete |  0
|  91|0x000000070c600000, 0x000000070c800000, 0x000000070c800000|100%| E|CS|TAMS 0x000000070c600000| PB 0x000000070c600000| Complete |  0
|  92|0x000000070c800000, 0x000000070ca00000, 0x000000070ca00000|100%| E|CS|TAMS 0x000000070c800000| PB 0x000000070c800000| Complete |  0
|  93|0x000000070ca00000, 0x000000070cc00000, 0x000000070cc00000|100%| E|CS|TAMS 0x000000070ca00000| PB 0x000000070ca00000| Complete |  0
|  94|0x000000070cc00000, 0x000000070ce00000, 0x000000070ce00000|100%| E|CS|TAMS 0x000000070cc00000| PB 0x000000070cc00000| Complete |  0
|  95|0x000000070ce00000, 0x000000070d000000, 0x000000070d000000|100%| E|CS|TAMS 0x000000070ce00000| PB 0x000000070ce00000| Complete |  0
|  96|0x000000070d000000, 0x000000070d200000, 0x000000070d200000|100%| E|CS|TAMS 0x000000070d000000| PB 0x000000070d000000| Complete |  0
|  97|0x000000070d200000, 0x000000070d400000, 0x000000070d400000|100%| E|CS|TAMS 0x000000070d200000| PB 0x000000070d200000| Complete |  0
|  98|0x000000070d400000, 0x000000070d600000, 0x000000070d600000|100%| E|CS|TAMS 0x000000070d400000| PB 0x000000070d400000| Complete |  0
|  99|0x000000070d600000, 0x000000070d800000, 0x000000070d800000|100%| E|CS|TAMS 0x000000070d600000| PB 0x000000070d600000| Complete |  0
| 100|0x000000070d800000, 0x000000070da00000, 0x000000070da00000|100%| E|CS|TAMS 0x000000070d800000| PB 0x000000070d800000| Complete |  0
| 101|0x000000070da00000, 0x000000070dc00000, 0x000000070dc00000|100%| E|CS|TAMS 0x000000070da00000| PB 0x000000070da00000| Complete |  0
| 102|0x000000070dc00000, 0x000000070de00000, 0x000000070de00000|100%| E|CS|TAMS 0x000000070dc00000| PB 0x000000070dc00000| Complete |  0
| 103|0x000000070de00000, 0x000000070e000000, 0x000000070e000000|100%| E|CS|TAMS 0x000000070de00000| PB 0x000000070de00000| Complete |  0
| 104|0x000000070e000000, 0x000000070e200000, 0x000000070e200000|100%| E|CS|TAMS 0x000000070e000000| PB 0x000000070e000000| Complete |  0
| 105|0x000000070e200000, 0x000000070e400000, 0x000000070e400000|100%| E|CS|TAMS 0x000000070e200000| PB 0x000000070e200000| Complete |  0
| 106|0x000000070e400000, 0x000000070e600000, 0x000000070e600000|100%| E|CS|TAMS 0x000000070e400000| PB 0x000000070e400000| Complete |  0
| 107|0x000000070e600000, 0x000000070e800000, 0x000000070e800000|100%| E|CS|TAMS 0x000000070e600000| PB 0x000000070e600000| Complete |  0
| 108|0x000000070e800000, 0x000000070ea00000, 0x000000070ea00000|100%| E|CS|TAMS 0x000000070e800000| PB 0x000000070e800000| Complete |  0
| 109|0x000000070ea00000, 0x000000070ec00000, 0x000000070ec00000|100%| E|CS|TAMS 0x000000070ea00000| PB 0x000000070ea00000| Complete |  0
| 110|0x000000070ec00000, 0x000000070ee00000, 0x000000070ee00000|100%| E|CS|TAMS 0x000000070ec00000| PB 0x000000070ec00000| Complete |  0
| 111|0x000000070ee00000, 0x000000070f000000, 0x000000070f000000|100%| E|CS|TAMS 0x000000070ee00000| PB 0x000000070ee00000| Complete |  0
| 112|0x000000070f000000, 0x000000070f200000, 0x000000070f200000|100%| E|CS|TAMS 0x000000070f000000| PB 0x000000070f000000| Complete |  0
| 113|0x000000070f200000, 0x000000070f400000, 0x000000070f400000|100%| E|CS|TAMS 0x000000070f200000| PB 0x000000070f200000| Complete |  0
| 114|0x000000070f400000, 0x000000070f600000, 0x000000070f600000|100%| E|CS|TAMS 0x000000070f400000| PB 0x000000070f400000| Complete |  0
| 115|0x000000070f600000, 0x000000070f800000, 0x000000070f800000|100%| E|CS|TAMS 0x000000070f600000| PB 0x000000070f600000| Complete |  0
| 116|0x000000070f800000, 0x000000070fa00000, 0x000000070fa00000|100%| E|CS|TAMS 0x000000070f800000| PB 0x000000070f800000| Complete |  0
| 117|0x000000070fa00000, 0x000000070fc00000, 0x000000070fc00000|100%| E|CS|TAMS 0x000000070fa00000| PB 0x000000070fa00000| Complete |  0
| 118|0x000000070fc00000, 0x000000070fe00000, 0x000000070fe00000|100%| E|CS|TAMS 0x000000070fc00000| PB 0x000000070fc00000| Complete |  0
| 119|0x000000070fe00000, 0x0000000710000000, 0x0000000710000000|100%| E|CS|TAMS 0x000000070fe00000| PB 0x000000070fe00000| Complete |  0
| 120|0x0000000710000000, 0x0000000710200000, 0x0000000710200000|100%| E|CS|TAMS 0x0000000710000000| PB 0x0000000710000000| Complete |  0
| 121|0x0000000710200000, 0x0000000710400000, 0x0000000710400000|100%| E|CS|TAMS 0x0000000710200000| PB 0x0000000710200000| Complete |  0
| 122|0x0000000710400000, 0x0000000710600000, 0x0000000710600000|100%| E|CS|TAMS 0x0000000710400000| PB 0x0000000710400000| Complete |  0
| 123|0x0000000710600000, 0x0000000710800000, 0x0000000710800000|100%| E|CS|TAMS 0x0000000710600000| PB 0x0000000710600000| Complete |  0
| 124|0x0000000710800000, 0x0000000710a00000, 0x0000000710a00000|100%| E|CS|TAMS 0x0000000710800000| PB 0x0000000710800000| Complete |  0
| 125|0x0000000710a00000, 0x0000000710c00000, 0x0000000710c00000|100%| E|CS|TAMS 0x0000000710a00000| PB 0x0000000710a00000| Complete |  0
| 126|0x0000000710c00000, 0x0000000710e00000, 0x0000000710e00000|100%| E|CS|TAMS 0x0000000710c00000| PB 0x0000000710c00000| Complete |  0
| 127|0x0000000710e00000, 0x0000000711000000, 0x0000000711000000|100%| E|CS|TAMS 0x0000000710e00000| PB 0x0000000710e00000| Complete |  0

Card table byte_map: [0x0000023df9050000,0x0000023df9850000] _byte_map_base: 0x0000023df5848000

Marking Bits: (CMBitMap*) 0x0000023ddf514700
 Bits: [0x0000023df9850000, 0x0000023dfd810000)

Polling page: 0x0000023ddf2f0000

Metaspace:

Usage:
  Non-class:     18.37 MB used.
      Class:      2.28 MB used.
       Both:     20.65 MB used.

Virtual space:
  Non-class space:       64.00 MB reserved,      18.56 MB ( 29%) committed,  1 nodes.
      Class space:        1.00 GB reserved,       2.44 MB ( <1%) committed,  1 nodes.
             Both:        1.06 GB reserved,      21.00 MB (  2%) committed. 

Chunk freelists:
   Non-Class:  13.08 MB
       Class:  13.45 MB
        Both:  26.52 MB

MaxMetaspaceSize: unlimited
CompressedClassSpaceSize: 1.00 GB
Initial GC threshold: 21.00 MB
Current GC threshold: 21.00 MB
CDS: on
 - commit_granule_bytes: 65536.
 - commit_granule_words: 8192.
 - virtual_space_node_default_size: 8388608.
 - enlarge_chunks_in_place: 1.
 - use_allocation_guard: 0.


Internal statistics:

num_allocs_failed_limit: 0.
num_arena_births: 404.
num_arena_deaths: 0.
num_vsnodes_births: 2.
num_vsnodes_deaths: 0.
num_space_committed: 336.
num_space_uncommitted: 0.
num_chunks_returned_to_freelist: 0.
num_chunks_taken_from_freelist: 835.
num_chunk_merges: 0.
num_chunk_splits: 509.
num_chunks_enlarged: 325.
num_inconsistent_stats: 0.

CodeHeap 'non-profiled nmethods': size=120000Kb used=2708Kb max_used=2708Kb free=117291Kb
 bounds [0x0000023df0d00000, 0x0000023df0fb0000, 0x0000023df8230000]
CodeHeap 'profiled nmethods': size=120000Kb used=7635Kb max_used=7635Kb free=112364Kb
 bounds [0x0000023de9230000, 0x0000023de99b0000, 0x0000023df0760000]
CodeHeap 'non-nmethods': size=5760Kb used=1597Kb max_used=1662Kb free=4162Kb
 bounds [0x0000023df0760000, 0x0000023df09d0000, 0x0000023df0d00000]
 total_blobs=4571 nmethods=3973 adapters=502
 compilation: enabled
              stopped_count=0, restarted_count=0
 full_count=0

Compilation events (20 events):
Event: 7.666 Thread 0x0000023dffe3eb00 3962       3       java.lang.WeakPairMap$WeakRefPeer::<init> (10 bytes)
Event: 7.666 Thread 0x0000023dffe3eb00 nmethod 3962 0x0000023de99a0d10 code [0x0000023de99a0f00, 0x0000023de99a13b0]
Event: 7.666 Thread 0x0000023dffe3eb00 3963       1       java.lang.WeakPairMap$Pair$Weak::hashCode (5 bytes)
Event: 7.667 Thread 0x0000023dffe3eb00 nmethod 3963 0x0000023df0f8bd10 code [0x0000023df0f8bea0, 0x0000023df0f8bf68]
Event: 7.679 Thread 0x0000023dffe3eb00 3964       3       java.lang.invoke.MethodHandles::identity (87 bytes)
Event: 7.680 Thread 0x0000023dffe3eb00 nmethod 3964 0x0000023de99a1590 code [0x0000023de99a1780, 0x0000023de99a1bc0]
Event: 7.698 Thread 0x0000023dffe3eb00 3965       3       java.lang.invoke.LambdaFormBuffer::insertName (106 bytes)
Event: 7.699 Thread 0x0000023dffe3eb00 nmethod 3965 0x0000023de99a1e10 code [0x0000023de99a1fc0, 0x0000023de99a21f8]
Event: 7.699 Thread 0x0000023dffe3eb00 3966       3       java.lang.invoke.LambdaForm$Name::withConstraint (20 bytes)
Event: 7.700 Thread 0x0000023dffe3eb00 nmethod 3966 0x0000023de99a2310 code [0x0000023de99a24c0, 0x0000023de99a26e0]
Event: 7.710 Thread 0x0000023dffe3eb00 3967       3       java.lang.invoke.LambdaFormBuffer::indexOf (33 bytes)
Event: 7.711 Thread 0x0000023dffe3eb00 nmethod 3967 0x0000023de99a2790 code [0x0000023de99a2960, 0x0000023de99a2d10]
Event: 7.728 Thread 0x0000023dffe3eb00 3971       3       sun.nio.fs.NativeBuffers::getNativeBufferFromCache (51 bytes)
Event: 7.729 Thread 0x0000023dffe3eb00 nmethod 3971 0x0000023de99a2e10 code [0x0000023de99a3000, 0x0000023de99a3718]
Event: 7.767 Thread 0x0000023dffe3eb00 3972       3       java.lang.Class::protectionDomain (48 bytes)
Event: 7.767 Thread 0x0000023dffe3eb00 nmethod 3972 0x0000023de99a3990 code [0x0000023de99a3bc0, 0x0000023de99a4268]
Event: 7.779 Thread 0x0000023dffe3eb00 3974       3       jdk.internal.reflect.ReflectionFactory::copyField (11 bytes)
Event: 7.780 Thread 0x0000023dffe3eb00 nmethod 3974 0x0000023de99a4490 code [0x0000023de99a4640, 0x0000023de99a4850]
Event: 7.780 Thread 0x0000023dffe3eb00 3975       3       java.lang.reflect.ReflectAccess::copyField (5 bytes)
Event: 7.780 Thread 0x0000023dffe3eb00 nmethod 3975 0x0000023de99a4990 code [0x0000023de99a4b40, 0x0000023de99a4c88]

GC Heap History (10 events):
Event: 0.665 GC heap before
{Heap before GC invocations=0 (full 0):
 garbage-first heap   total reserved 4177920K, committed 262144K, used 20480K [0x0000000701000000, 0x0000000800000000)
  region size 2048K, 7 young (14336K), 0 survivors (0K)
 Metaspace       used 2499K, committed 2688K, reserved 1114112K
  class space    used 211K, committed 320K, reserved 1048576K
}
Event: 0.669 GC heap after
{Heap after GC invocations=1 (full 0):
 garbage-first heap   total reserved 4177920K, committed 262144K, used 9943K [0x0000000701000000, 0x0000000800000000)
  region size 2048K, 1 young (2048K), 1 survivors (2048K)
 Metaspace       used 2499K, committed 2688K, reserved 1114112K
  class space    used 211K, committed 320K, reserved 1048576K
}
Event: 1.286 GC heap before
{Heap before GC invocations=1 (full 0):
 garbage-first heap   total reserved 4177920K, committed 262144K, used 22231K [0x0000000701000000, 0x0000000800000000)
  region size 2048K, 7 young (14336K), 1 survivors (2048K)
 Metaspace       used 4838K, committed 5056K, reserved 1114112K
  class space    used 446K, committed 576K, reserved 1048576K
}
Event: 1.289 GC heap after
{Heap after GC invocations=2 (full 0):
 garbage-first heap   total reserved 4177920K, committed 262144K, used 11486K [0x0000000701000000, 0x0000000800000000)
  region size 2048K, 1 young (2048K), 1 survivors (2048K)
 Metaspace       used 4838K, committed 5056K, reserved 1114112K
  class space    used 446K, committed 576K, reserved 1048576K
}
Event: 1.984 GC heap before
{Heap before GC invocations=2 (full 0):
 garbage-first heap   total reserved 4177920K, committed 262144K, used 38110K [0x0000000701000000, 0x0000000800000000)
  region size 2048K, 15 young (30720K), 1 survivors (2048K)
 Metaspace       used 7185K, committed 7360K, reserved 1114112K
  class space    used 674K, committed 768K, reserved 1048576K
}
Event: 1.987 GC heap after
{Heap after GC invocations=3 (full 0):
 garbage-first heap   total reserved 4177920K, committed 262144K, used 14274K [0x0000000701000000, 0x0000000800000000)
  region size 2048K, 2 young (4096K), 2 survivors (4096K)
 Metaspace       used 7185K, committed 7360K, reserved 1114112K
  class space    used 674K, committed 768K, reserved 1048576K
}
Event: 3.506 GC heap before
{Heap before GC invocations=3 (full 0):
 garbage-first heap   total reserved 4177920K, committed 262144K, used 167874K [0x0000000701000000, 0x0000000800000000)
  region size 2048K, 76 young (155648K), 2 survivors (4096K)
 Metaspace       used 7404K, committed 7616K, reserved 1114112K
  class space    used 685K, committed 768K, reserved 1048576K
}
Event: 3.515 GC heap after
{Heap after GC invocations=4 (full 0):
 garbage-first heap   total reserved 4177920K, committed 262144K, used 24319K [0x0000000701000000, 0x0000000800000000)
  region size 2048K, 6 young (12288K), 6 survivors (12288K)
 Metaspace       used 7404K, committed 7616K, reserved 1114112K
  class space    used 685K, committed 768K, reserved 1048576K
}
Event: 3.926 GC heap before
{Heap before GC invocations=4 (full 0):
 garbage-first heap   total reserved 4177920K, committed 262144K, used 169727K [0x0000000701000000, 0x0000000800000000)
  region size 2048K, 76 young (155648K), 6 survivors (12288K)
 Metaspace       used 7419K, committed 7616K, reserved 1114112K
  class space    used 685K, committed 768K, reserved 1048576K
}
Event: 3.935 GC heap after
{Heap after GC invocations=5 (full 0):
 garbage-first heap   total reserved 4177920K, committed 262144K, used 33363K [0x0000000701000000, 0x0000000800000000)
  region size 2048K, 9 young (18432K), 9 survivors (18432K)
 Metaspace       used 7419K, committed 7616K, reserved 1114112K
  class space    used 685K, committed 768K, reserved 1048576K
}

Dll operation events (12 events):
Event: 0.013 Loaded shared library C:\Users\user\.jdks\corretto-22.0.2\bin\java.dll
Event: 0.014 Loaded shared library C:\Users\user\.jdks\corretto-22.0.2\bin\zip.dll
Event: 0.087 Loaded shared library C:\Users\user\.jdks\corretto-22.0.2\bin\jsvml.dll
Event: 0.224 Loaded shared library C:\Users\user\.jdks\corretto-22.0.2\bin\net.dll
Event: 0.225 Loaded shared library C:\Users\user\.jdks\corretto-22.0.2\bin\nio.dll
Event: 0.229 Loaded shared library C:\Users\user\.jdks\corretto-22.0.2\bin\zip.dll
Event: 0.379 Loaded shared library C:\Users\user\.jdks\corretto-22.0.2\bin\instrument.dll
Event: 0.499 Loaded shared library C:\Users\user\.jdks\corretto-22.0.2\bin\jimage.dll
Event: 1.391 Loaded shared library C:\Users\user\.jdks\corretto-22.0.2\bin\verify.dll
Event: 4.915 Loaded shared library C:\Users\user\.jdks\corretto-22.0.2\bin\management.dll
Event: 4.920 Loaded shared library C:\Users\user\.jdks\corretto-22.0.2\bin\management_ext.dll
Event: 7.744 Loaded shared library C:\Users\user\AppData\Local\Temp\lwjgluser\3.3.1-build-7\lwjgl.dll

Deoptimization events (20 events):
Event: 7.591 Thread 0x0000023ddf39e200 DEOPT PACKING pc=0x0000023df0ea77c4 sp=0x000000507eafe680
Event: 7.591 Thread 0x0000023ddf39e200 DEOPT UNPACKING pc=0x0000023df07b46a2 sp=0x000000507eafe610 mode 2
Event: 7.602 Thread 0x0000023ddf39e200 Uncommon trap: trap_request=0xffffffde fr.pc=0x0000023df0e34f24 relative=0x00000000000000e4
Event: 7.602 Thread 0x0000023ddf39e200 Uncommon trap: reason=class_check action=maybe_recompile pc=0x0000023df0e34f24 method=java.util.stream.AbstractPipeline.exactOutputSizeIfKnown(Ljava/util/Spliterator;)J @ 16 c2
Event: 7.602 Thread 0x0000023ddf39e200 DEOPT PACKING pc=0x0000023df0e34f24 sp=0x000000507eafee30
Event: 7.602 Thread 0x0000023ddf39e200 DEOPT UNPACKING pc=0x0000023df07b46a2 sp=0x000000507eafedc0 mode 2
Event: 7.670 Thread 0x0000023ddf39e200 DEOPT PACKING pc=0x0000023de999cd74 sp=0x000000507eaf7fc0
Event: 7.670 Thread 0x0000023ddf39e200 DEOPT UNPACKING pc=0x0000023df07b4e42 sp=0x000000507eaf7500 mode 0
Event: 7.740 Thread 0x0000023ddf39e200 DEOPT PACKING pc=0x0000023de95b0f84 sp=0x000000507eafcd50
Event: 7.740 Thread 0x0000023ddf39e200 DEOPT UNPACKING pc=0x0000023df07b4e42 sp=0x000000507eafc220 mode 1
Event: 7.740 Thread 0x0000023ddf39e200 DEOPT PACKING pc=0x0000023de95afcfc sp=0x000000507eafce20
Event: 7.740 Thread 0x0000023ddf39e200 DEOPT UNPACKING pc=0x0000023df07b4e42 sp=0x000000507eafc308 mode 1
Event: 7.740 Thread 0x0000023ddf39e200 DEOPT PACKING pc=0x0000023de956354c sp=0x000000507eafcf10
Event: 7.740 Thread 0x0000023ddf39e200 DEOPT UNPACKING pc=0x0000023df07b4e42 sp=0x000000507eafc3f8 mode 1
Event: 7.751 Thread 0x0000023ddf39e200 DEOPT PACKING pc=0x0000023de95b0f84 sp=0x000000507eafd8e0
Event: 7.751 Thread 0x0000023ddf39e200 DEOPT UNPACKING pc=0x0000023df07b4e42 sp=0x000000507eafcdb0 mode 1
Event: 7.751 Thread 0x0000023ddf39e200 DEOPT PACKING pc=0x0000023de95afcfc sp=0x000000507eafd9b0
Event: 7.751 Thread 0x0000023ddf39e200 DEOPT UNPACKING pc=0x0000023df07b4e42 sp=0x000000507eafce98 mode 1
Event: 7.751 Thread 0x0000023ddf39e200 DEOPT PACKING pc=0x0000023de956354c sp=0x000000507eafdaa0
Event: 7.751 Thread 0x0000023ddf39e200 DEOPT UNPACKING pc=0x0000023df07b4e42 sp=0x000000507eafcf88 mode 1

Classes loaded (20 events):
Event: 7.764 Loading class java/nio/ShortBuffer
Event: 7.764 Loading class java/nio/ShortBuffer done
Event: 7.767 Loading class java/nio/DirectShortBufferU
Event: 7.768 Loading class java/nio/DirectShortBufferU done
Event: 7.768 Loading class java/nio/DirectCharBufferU
Event: 7.769 Loading class java/nio/DirectCharBufferU done
Event: 7.769 Loading class java/nio/DirectFloatBufferU
Event: 7.769 Loading class java/nio/DirectFloatBufferU done
Event: 7.770 Loading class java/nio/DirectDoubleBufferU
Event: 7.770 Loading class java/nio/DirectDoubleBufferU done
Event: 7.774 Loading class java/util/function/LongPredicate
Event: 7.774 Loading class java/util/function/LongPredicate done
Event: 7.787 Loading class java/nio/InvalidMarkException
Event: 7.788 Loading class java/nio/InvalidMarkException done
Event: 7.788 Loading class java/nio/BufferUnderflowException
Event: 7.788 Loading class java/nio/BufferUnderflowException done
Event: 7.792 Loading class org/lwjgl/system/MemoryStack
Event: 7.792 Loading class org/lwjgl/system/MemoryStack done
Event: 7.792 Loading class org/lwjgl/system/MemoryStack
Event: 7.792 Loading class org/lwjgl/system/MemoryStack done

Classes unloaded (0 events):
No events

Classes redefined (1 events):
Event: 0.417 Thread 0x0000023dffe14a30 redefined class name=java.lang.Throwable, count=1

Internal exceptions (20 events):
Event: 7.520 Thread 0x0000023ddf39e200 Exception <a 'java/lang/NoSuchMethodError'{0x0000000709bb4700}: 'java.lang.Object java.lang.invoke.DirectMethodHandle$Holder.invokeInterface(java.lang.Object, java.lang.Object, java.lang.Object, java.lang.Object)'> (0x0000000709bb4700) 
thrown [s\src\hotspot\share\interpreter\linkResolver.cpp, line 774]
Event: 7.524 Thread 0x0000023ddf39e200 Exception <a 'java/lang/NoSuchMethodError'{0x0000000709bc4708}: 'void java.lang.invoke.DirectMethodHandle$Holder.invokeStaticInit(java.lang.Object, java.lang.Object)'> (0x0000000709bc4708) 
thrown [s\src\hotspot\share\interpreter\linkResolver.cpp, line 774]
Event: 7.526 Thread 0x0000023ddf39e200 Exception <a 'java/lang/NoSuchMethodError'{0x0000000709bcf920}: 'java.lang.Object java.lang.invoke.DirectMethodHandle$Holder.invokeStaticInit(java.lang.Object, java.lang.Object, java.lang.Object, java.lang.Object)'> (0x0000000709bcf920) 
thrown [s\src\hotspot\share\interpreter\linkResolver.cpp, line 774]
Event: 7.529 Thread 0x0000023ddf39e200 Exception <a 'java/lang/IncompatibleClassChangeError'{0x0000000709bd4a60}: Found class java.lang.Object, but interface was expected> (0x0000000709bd4a60) 
thrown [s\src\hotspot\share\interpreter\linkResolver.cpp, line 841]
Event: 7.535 Thread 0x0000023ddf39e200 Exception <a 'java/lang/IncompatibleClassChangeError'{0x000000070980e548}: Found class java.lang.Object, but interface was expected> (0x000000070980e548) 
thrown [s\src\hotspot\share\interpreter\linkResolver.cpp, line 841]
Event: 7.604 Thread 0x0000023ddf39e200 Exception <a 'java/lang/NoSuchMethodError'{0x00000007099ed268}: 'java.lang.Object java.lang.invoke.DirectMethodHandle$Holder.invokeVirtual(java.lang.Object, java.lang.Object, java.lang.Object)'> (0x00000007099ed268) 
thrown [s\src\hotspot\share\interpreter\linkResolver.cpp, line 774]
Event: 7.651 Thread 0x0000023ddf39e200 Exception <a 'java/lang/NoSuchMethodError'{0x00000007096f3668}: 'java.lang.Object java.lang.invoke.DirectMethodHandle$Holder.newInvokeSpecial(java.lang.Object, int, java.lang.Object, java.lang.Object)'> (0x00000007096f3668) 
thrown [s\src\hotspot\share\interpreter\linkResolver.cpp, line 774]
Event: 7.651 Thread 0x0000023ddf39e200 Exception <a 'java/lang/NoSuchMethodError'{0x00000007096f75c8}: 'java.lang.Object java.lang.invoke.DirectMethodHandle$Holder.invokeSpecial(java.lang.Object, java.lang.Object, int, java.lang.Object, java.lang.Object)'> (0x00000007096f75c8) 
thrown [s\src\hotspot\share\interpreter\linkResolver.cpp, line 774]
Event: 7.698 Thread 0x0000023ddf39e200 Exception <a 'java/lang/NoSuchMethodError'{0x0000000709445890}: 'void java.lang.System.load(java.lang.String, java.lang.Class)'> (0x0000000709445890) 
thrown [s\src\hotspot\share\interpreter\linkResolver.cpp, line 774]
Event: 7.713 Thread 0x0000023ddf39e200 Exception <a 'java/lang/NoSuchMethodError'{0x0000000709457e00}: 'void java.lang.System.loadLibrary(java.lang.String, java.lang.Class)'> (0x0000000709457e00) 
thrown [s\src\hotspot\share\interpreter\linkResolver.cpp, line 774]
Event: 7.740 Thread 0x0000023ddf39e200 Exception <a 'sun/nio/fs/WindowsException'{0x00000007095e44c8}> (0x00000007095e44c8) 
thrown [s\src\hotspot\share\prims\jni.cpp, line 520]
Event: 7.741 Thread 0x0000023ddf39e200 Exception <a 'sun/nio/fs/WindowsException'{0x00000007095e4830}> (0x00000007095e4830) 
thrown [s\src\hotspot\share\prims\jni.cpp, line 520]
Event: 7.751 Thread 0x0000023ddf39e200 Exception <a 'sun/nio/fs/WindowsException'{0x0000000709323f40}> (0x0000000709323f40) 
thrown [s\src\hotspot\share\prims\jni.cpp, line 520]
Event: 7.751 Thread 0x0000023ddf39e200 Exception <a 'sun/nio/fs/WindowsException'{0x00000007093242c0}> (0x00000007093242c0) 
thrown [s\src\hotspot\share\prims\jni.cpp, line 520]
Event: 7.776 Thread 0x0000023ddf39e200 Exception <a 'java/lang/NoSuchMethodError'{0x0000000709065de8}: 'int java.lang.invoke.DirectMethodHandle$Holder.invokeStaticInit(java.lang.Object, java.lang.Object, int, long)'> (0x0000000709065de8) 
thrown [s\src\hotspot\share\interpreter\linkResolver.cpp, line 774]
Event: 7.778 Thread 0x0000023ddf39e200 Exception <a 'java/lang/NoSuchMethodError'{0x000000070906b0f0}: 'java.lang.Object java.lang.invoke.DirectMethodHandle$Holder.newInvokeSpecial(java.lang.Object, java.lang.Object, int)'> (0x000000070906b0f0) 
thrown [s\src\hotspot\share\interpreter\linkResolver.cpp, line 774]
Event: 7.781 Thread 0x0000023ddf39e200 Exception <a 'java/lang/NoSuchMethodError'{0x000000070907f6d8}: 'int java.lang.invoke.DirectMethodHandle$Holder.invokeStaticInit(java.lang.Object, java.lang.Object, long, long)'> (0x000000070907f6d8) 
thrown [s\src\hotspot\share\interpreter\linkResolver.cpp, line 774]
Event: 7.782 Thread 0x0000023ddf39e200 Exception <a 'java/lang/NoSuchMethodError'{0x0000000709084da8}: 'java.lang.Object java.lang.invoke.DirectMethodHandle$Holder.newInvokeSpecial(java.lang.Object, java.lang.Object, long)'> (0x0000000709084da8) 
thrown [s\src\hotspot\share\interpreter\linkResolver.cpp, line 774]
Event: 7.783 Thread 0x0000023ddf39e200 Exception <a 'java/lang/NoSuchMethodError'{0x00000007090885e0}: 'java.lang.Object java.lang.invoke.Invokers$Holder.linkToTargetMethod(java.lang.Object, long, java.lang.Object)'> (0x00000007090885e0) 
thrown [s\src\hotspot\share\interpreter\linkResolver.cpp, line 774]
Event: 7.785 Thread 0x0000023ddf39e200 Exception <a 'java/lang/NoSuchMethodError'{0x000000070908f7d8}: 'int java.lang.invoke.DirectMethodHandle$Holder.invokeStaticInit(java.lang.Object, java.lang.Object, java.lang.Object, long)'> (0x000000070908f7d8) 
thrown [s\src\hotspot\share\interpreter\linkResolver.cpp, line 774]

ZGC Phase Switch (0 events):
No events

VM Operations (20 events):
Event: 6.826 Executing VM operation: HandshakeAllThreads (Deoptimize)
Event: 6.826 Executing VM operation: HandshakeAllThreads (Deoptimize) done
Event: 6.830 Executing VM operation: HandshakeAllThreads (Deoptimize)
Event: 6.830 Executing VM operation: HandshakeAllThreads (Deoptimize) done
Event: 6.941 Executing VM operation: HandshakeAllThreads (Deoptimize)
Event: 6.941 Executing VM operation: HandshakeAllThreads (Deoptimize) done
Event: 6.942 Executing VM operation: HandshakeAllThreads (Deoptimize)
Event: 6.942 Executing VM operation: HandshakeAllThreads (Deoptimize) done
Event: 7.005 Executing VM operation: HandshakeAllThreads (Deoptimize)
Event: 7.005 Executing VM operation: HandshakeAllThreads (Deoptimize) done
Event: 7.095 Executing VM operation: HandshakeAllThreads (Deoptimize)
Event: 7.096 Executing VM operation: HandshakeAllThreads (Deoptimize) done
Event: 7.225 Executing VM operation: ICBufferFull
Event: 7.225 Executing VM operation: ICBufferFull done
Event: 7.264 Executing VM operation: HandshakeAllThreads (Deoptimize)
Event: 7.264 Executing VM operation: HandshakeAllThreads (Deoptimize) done
Event: 7.311 Executing VM operation: HandshakeAllThreads (Deoptimize)
Event: 7.311 Executing VM operation: HandshakeAllThreads (Deoptimize) done
Event: 7.425 Executing VM operation: HandshakeAllThreads (Deoptimize)
Event: 7.425 Executing VM operation: HandshakeAllThreads (Deoptimize) done

Memory protections (0 events):
No events

Nmethod flushes (0 events):
No events

Events (20 events):
Event: 0.085 Thread 0x0000023ddf39e200 Thread added: 0x0000023dffe399e0
Event: 0.085 Thread 0x0000023ddf39e200 Thread added: 0x0000023dffe3a440
Event: 0.085 Thread 0x0000023ddf39e200 Thread added: 0x0000023dffe3aea0
Event: 0.085 Thread 0x0000023ddf39e200 Thread added: 0x0000023dffe3c040
Event: 0.085 Thread 0x0000023ddf39e200 Thread added: 0x0000023dffe3eb00
Event: 0.212 Thread 0x0000023ddf39e200 Thread added: 0x0000023dc520b320
Event: 0.300 Thread 0x0000023ddf39e200 Thread added: 0x0000023dc52f6a50
Event: 0.300 Thread 0x0000023ddf39e200 Thread added: 0x0000023dc53faef0
Event: 0.300 Thread 0x0000023dc52f6a50 Thread added: 0x0000023dc53c3ca0
Event: 0.453 Thread 0x0000023ddf39e200 Thread added: 0x0000023dc5481380
Event: 0.456 Thread 0x0000023ddf39e200 Thread added: 0x0000023dc5354e40
Event: 0.544 Thread 0x0000023dffe3c040 Thread added: 0x0000023dc5643130
Event: 5.414 Thread 0x0000023dc5643130 Thread exited: 0x0000023dc5643130
Event: 5.458 Thread 0x0000023dffe3eb00 Thread added: 0x0000023dc6ab5520
Event: 5.651 Thread 0x0000023dc6ab5520 Thread exited: 0x0000023dc6ab5520
Event: 6.280 Thread 0x0000023dffe3eb00 Thread added: 0x0000023dc7c1dfe0
Event: 6.956 Thread 0x0000023ddf39e200 Thread added: 0x0000023dc6bfebb0
Event: 6.965 Thread 0x0000023dc6bfebb0 Thread exited: 0x0000023dc6bfebb0
Event: 6.974 Thread 0x0000023ddf39e200 Thread added: 0x0000023dc6bfebb0
Event: 6.979 Thread 0x0000023dc6bfebb0 Thread exited: 0x0000023dc6bfebb0


Dynamic libraries:
0x00007ff7feb80000 - 0x00007ff7feb8e000 	C:\Users\user\.jdks\corretto-22.0.2\bin\java.exe
0x00007ffe128f0000 - 0x00007ffe12ae8000 	C:\Windows\SYSTEM32\ntdll.dll
0x00007ffe10940000 - 0x00007ffe10a02000 	C:\Windows\System32\KERNEL32.DLL
0x00007ffe10580000 - 0x00007ffe10876000 	C:\Windows\System32\KERNELBASE.dll
0x00007ffe10140000 - 0x00007ffe10240000 	C:\Windows\System32\ucrtbase.dll
0x00007ffe0b0a0000 - 0x00007ffe0b0b7000 	C:\Users\user\.jdks\corretto-22.0.2\bin\jli.dll
0x00007ffe10e40000 - 0x00007ffe10fe1000 	C:\Windows\System32\USER32.dll
0x00007ffe102f0000 - 0x00007ffe10312000 	C:\Windows\System32\win32u.dll
0x00007ffe11120000 - 0x00007ffe1114b000 	C:\Windows\System32\GDI32.dll
0x00007ffe0a400000 - 0x00007ffe0a41b000 	C:\Users\user\.jdks\corretto-22.0.2\bin\VCRUNTIME140.dll
0x00007ffe10020000 - 0x00007ffe10139000 	C:\Windows\System32\gdi32full.dll
0x00007ffe0ff80000 - 0x00007ffe1001d000 	C:\Windows\System32\msvcp_win.dll
0x00007ffe00a50000 - 0x00007ffe00ceb000 	C:\Windows\WinSxS\amd64_microsoft.windows.common-controls_6595b64144ccf1df_6.0.19041.6456_none_60b8a6cb71f64256\COMCTL32.dll
0x00007ffe10b20000 - 0x00007ffe10bbe000 	C:\Windows\System32\msvcrt.dll
0x00007ffe10910000 - 0x00007ffe1093f000 	C:\Windows\System32\IMM32.DLL
0x00007ffe0b150000 - 0x00007ffe0b15c000 	C:\Users\user\.jdks\corretto-22.0.2\bin\vcruntime140_1.dll
0x00007ffdff730000 - 0x00007ffdff7bd000 	C:\Users\user\.jdks\corretto-22.0.2\bin\msvcp140.dll
0x00007ffddd670000 - 0x00007ffdde441000 	C:\Users\user\.jdks\corretto-22.0.2\bin\server\jvm.dll
0x00007ffe10ff0000 - 0x00007ffe110a1000 	C:\Windows\System32\ADVAPI32.dll
0x00007ffe115c0000 - 0x00007ffe1165f000 	C:\Windows\System32\sechost.dll
0x00007ffe12790000 - 0x00007ffe128b0000 	C:\Windows\System32\RPCRT4.dll
0x00007ffe10370000 - 0x00007ffe10397000 	C:\Windows\System32\bcrypt.dll
0x00007ffe110b0000 - 0x00007ffe1111b000 	C:\Windows\System32\WS2_32.dll
0x00007ffe0f900000 - 0x00007ffe0f94b000 	C:\Windows\SYSTEM32\POWRPROF.dll
0x00007ffe046d0000 - 0x00007ffe046f7000 	C:\Windows\SYSTEM32\WINMM.dll
0x00007ffe08480000 - 0x00007ffe0848a000 	C:\Windows\SYSTEM32\VERSION.dll
0x00007ffe0f8e0000 - 0x00007ffe0f8f2000 	C:\Windows\SYSTEM32\UMPDC.dll
0x00007ffe0ddd0000 - 0x00007ffe0dde2000 	C:\Windows\SYSTEM32\kernel.appcore.dll
0x00007ffe0b090000 - 0x00007ffe0b09a000 	C:\Users\user\.jdks\corretto-22.0.2\bin\jimage.dll
0x00007ffe03bf0000 - 0x00007ffe03df1000 	C:\Windows\SYSTEM32\DBGHELP.DLL
0x00007ffdf0cb0000 - 0x00007ffdf0ce4000 	C:\Windows\SYSTEM32\dbgcore.DLL
0x00007ffe10880000 - 0x00007ffe10902000 	C:\Windows\System32\bcryptPrimitives.dll
0x00007ffdf9640000 - 0x00007ffdf967c000 	C:\Users\user\.jdks\corretto-22.0.2\bin\jdwp.dll
0x00007ffe0b070000 - 0x00007ffe0b07e000 	C:\Users\user\.jdks\corretto-22.0.2\bin\instrument.dll
0x00007ffe00650000 - 0x00007ffe0066e000 	C:\Users\user\.jdks\corretto-22.0.2\bin\java.dll
0x00007ffe11bb0000 - 0x00007ffe12320000 	C:\Windows\System32\SHELL32.dll
0x00007ffe10cb0000 - 0x00007ffe10ddb000 	C:\Windows\System32\ole32.dll
0x00007ffe111d0000 - 0x00007ffe11524000 	C:\Windows\System32\combase.dll
0x00007ffe004f0000 - 0x00007ffe00507000 	C:\Users\user\.jdks\corretto-22.0.2\bin\zip.dll
0x00007ffe0dfd0000 - 0x00007ffe0e775000 	C:\Windows\SYSTEM32\windows.storage.dll
0x00007ffe0f860000 - 0x00007ffe0f88b000 	C:\Windows\SYSTEM32\Wldp.dll
0x00007ffe11660000 - 0x00007ffe1172d000 	C:\Windows\System32\OLEAUT32.dll
0x00007ffe10a10000 - 0x00007ffe10abd000 	C:\Windows\System32\SHCORE.dll
0x00007ffe10bc0000 - 0x00007ffe10c1b000 	C:\Windows\System32\shlwapi.dll
0x00007ffe0feb0000 - 0x00007ffe0fed4000 	C:\Windows\SYSTEM32\profapi.dll
0x00007ffde5430000 - 0x00007ffde5507000 	C:\Users\user\.jdks\corretto-22.0.2\bin\jsvml.dll
0x00007ffe0a3f0000 - 0x00007ffe0a400000 	C:\Users\user\.jdks\corretto-22.0.2\bin\net.dll
0x00007ffe0f5d0000 - 0x00007ffe0f63a000 	C:\Windows\system32\mswsock.dll
0x00007ffe004d0000 - 0x00007ffe004e6000 	C:\Users\user\.jdks\corretto-22.0.2\bin\nio.dll
0x00007ffdfa920000 - 0x00007ffdfa92c000 	C:\Users\user\.jdks\corretto-22.0.2\bin\dt_socket.dll
0x00007ffe0f2d0000 - 0x00007ffe0f30b000 	C:\Windows\SYSTEM32\IPHLPAPI.DLL
0x00007ffe004c0000 - 0x00007ffe004d0000 	C:\Users\user\.jdks\corretto-22.0.2\bin\verify.dll
0x00007ffe004b0000 - 0x00007ffe004b9000 	C:\Users\user\.jdks\corretto-22.0.2\bin\management.dll
0x00007ffdffed0000 - 0x00007ffdffedb000 	C:\Users\user\.jdks\corretto-22.0.2\bin\management_ext.dll
0x00007ffe12780000 - 0x00007ffe12788000 	C:\Windows\System32\PSAPI.DLL
0x00007ffdfaa00000 - 0x00007ffdfaa17000 	C:\Windows\system32\napinsp.dll
0x00007ffdfa9e0000 - 0x00007ffdfa9fb000 	C:\Windows\system32\pnrpnsp.dll
0x00007ffde1460000 - 0x00007ffde147d000 	C:\Windows\system32\wshbth.dll
0x00007ffe0c620000 - 0x00007ffe0c63d000 	C:\Windows\system32\NLAapi.dll
0x00007ffe0f310000 - 0x00007ffe0f3da000 	C:\Windows\SYSTEM32\DNSAPI.dll
0x00007ffe11730000 - 0x00007ffe11738000 	C:\Windows\System32\NSI.dll
0x00007ffdfa9c0000 - 0x00007ffdfa9d2000 	C:\Windows\System32\winrnr.dll
0x00007ffdff5b0000 - 0x00007ffdff5ba000 	C:\Windows\System32\rasadhlp.dll
0x00007ffdff920000 - 0x00007ffdff9a0000 	C:\Windows\System32\fwpuclnt.dll
0x00007ffde84b0000 - 0x00007ffde8525000 	C:\Users\user\AppData\Local\Temp\lwjgluser\3.3.1-build-7\lwjgl.dll
0x00007ffde5270000 - 0x00007ffde52d1000 	C:\Users\user\AppData\Local\Temp\lwjgluser\3.3.1-build-7\glfw.dll

dbghelp: loaded successfully - version: 4.0.5 - missing functions: none
symbol engine: initialized successfully - sym options: 0x614 - pdb path: .;C:\Users\user\.jdks\corretto-22.0.2\bin;C:\Windows\SYSTEM32;C:\Windows\WinSxS\amd64_microsoft.windows.common-controls_6595b64144ccf1df_6.0.19041.6456_none_60b8a6cb71f64256;C:\Users\user\.jdks\corretto-22.0.2\bin\server;C:\Users\user\AppData\Local\Temp\lwjgluser\3.3.1-build-7

VM Arguments:
jvm_args: -Ddebugger.agent.enable.coroutines=true -Ddebugger.async.stack.trace.for.all.threads=true -Dforge.enableGameTest=true -Dforge.enabledGameTestNamespaces=realmarket -Dforge.logging.console.level=debug -Dforge.logging.markers=REGISTRIES -DignoreList=bootstraplauncher,securejarhandler,asm-commons,asm-util,asm-analysis,asm-tree,asm,JarJarFileSystems,client-extra,fmlcore,javafmllanguage,lowcodelanguage,mclanguage,forge- -Djava.net.preferIPv6Addresses=system -Dkotlinx.coroutines.debug.enable.creation.stack.trace=false -Dkotlinx.coroutines.debug.enable.flows.stack.trace=true -Dkotlinx.coroutines.debug.enable.mutable.state.flows.stack.trace=true -DlegacyClassPath.file=E:\Intellij Idea Projects\RealMarket\build\classpath\runClient_minecraftClasspath.txt -DmergeModules=jna-5.10.0.jar,jna-platform-5.10.0.jar -agentlib:jdwp=transport=dt_socket,server=n,suspend=y,address=127.0.0.1:59576 -javaagent:C:\Users\user\AppData\Local\JetBrains\IdeaIC2025.3\captureAgent\debugger-agent.jar=file:///C:/Users/user/AppData/Local/Temp/capture13840021650918023434.props --module-path=C:\Users\user\.gradle\caches\modules-2\files-2.1\cpw.mods\bootstraplauncher\1.1.2\c546e00443d8432cda6baa1c860346980742628\bootstraplauncher-1.1.2.jar;C:\Users\user\.gradle\caches\modules-2\files-2.1\cpw.mods\securejarhandler\2.1.10\51e6a22c6c716beb11e244bf5b8be480f51dd6b5\securejarhandler-2.1.10.jar;C:\Users\user\.gradle\caches\modules-2\files-2.1\org.ow2.asm\asm-commons\9.7.1\406c6a2225cfe1819f102a161e54cc16a5c24f75\asm-commons-9.7.1.jar;C:\Users\user\.gradle\caches\modules-2\files-2.1\org.ow2.asm\asm-util\9.7.1\9e23359b598ec6b74b23e53110dd5c577adf2243\asm-util-9.7.1.jar;C:\Users\user\.gradle\caches\modules-2\files-2.1\org.ow2.asm\asm-analysis\9.7.1\f97a3b319f0ed6a8cd944dc79060d3912a28985f\asm-analysis-9.7.1.jar;C:\Users\user\.gradle\caches\modules-2\files-2.1\org.ow2.asm\asm-tree\9.7.1\3a53139787663b139de76b627fca0084ab60d32c\asm-tree-9.7.1.jar;C:\Users\user\.gradle\caches\modules-2\files-2.1\org.ow2.asm\asm\9.7.1\f0ed132a49244b042cd0e15702ab9f2ce3cc8436\asm-9.7.1.jar;C:\Users\user\.gradle\caches\modules-2\files-2.1\net.minecraftforge\JarJarFileSystems\0.3.19\2464eb7d6b9ddb9db36a82cf8a95193e5c6fe020\JarJarFileSystems-0.3.19.jar --add-modules=ALL-MODULE-PATH --add-opens=java.base/java.util.jar=cpw.mods.securejarhandler --add-opens=java.base/java.lang.invoke=cpw.mods.securejarhandler --add-exports=java.base/sun.security.util=cpw.mods.securejarhandler --add-exports=jdk.naming.dns/com.sun.jndi.dns=java.naming -XX:HeapDumpPath=MojangTricksIntelDriversForPerformance_javaw.exe_minecraft.exe.heapdump -Dfile.encoding=UTF-8 -Duser.country=RU -Duser.language=ru -Duser.variant 
java_command: cpw.mods.bootstraplauncher.BootstrapLauncher --launchTarget forgeclientuserdev --version MOD_DEV --assetIndex 5 --assetsDir C:\Users\user\.gradle\caches\forge_gradle\assets --gameDir . --fml.forgeVersion 47.3.22 --fml.mcVersion 1.20.1 --fml.forgeGroup net.minecraftforge --fml.mcpVersion 20230612.114412 --username Chaos1924
java_class_path (initial): E:\Intellij Idea Projects\RealMarket\build\classes\java\main;E:\Intellij Idea Projects\RealMarket\build\resources\main;C:\Users\user\.gradle\caches\forge_gradle\minecraft_user_repo\net\minecraftforge\forge\1.20.1-47.3.22_mapped_official_1.20.1\forge-1.20.1-47.3.22_mapped_official_1.20.1.jar;C:\Users\user\.gradle\caches\forge_gradle\minecraft_repo\versions\1.20.1\client-extra.jar;C:\Users\user\.gradle\caches\modules-2\files-2.1\net.minecraftforge\fmlearlydisplay\1.20.1-47.3.22\c847e6564d023f01b09220f8992e042313ec8680\fmlearlydisplay-1.20.1-47.3.22.jar;C:\Users\user\.gradle\caches\modules-2\files-2.1\net.minecraftforge\javafmllanguage\1.20.1-47.3.22\9a1d96e9108940786d846c8cc0dac07100e79f56\javafmllanguage-1.20.1-47.3.22.jar;C:\Users\user\.gradle\caches\modules-2\files-2.1\net.minecraftforge\lowcodelanguage\1.20.1-47.3.22\2529f2c27d8f8a63ee54efc81fdfc3cea2d43c8\lowcodelanguage-1.20.1-47.3.22.jar;C:\Users\user\.gradle\caches\modules-2\files-2.1\net.minecraftforge\mclanguage\1.20.1-47.3.22\2de14adfd8715f1956007499d8d75c6a4e6fa872\mclanguage-1.20.1-47.3.22.jar;C:\Users\user\.gradle\caches\modules-2\files-2.1\net.minecraftforge\fmlcore\1.20.1-47.3.22\cf26aeb747e0d323f8eed9b00ebfb783282d5837\fmlcore-1.20.1-47.3.22.jar;C:\Users\user\.gradle\caches\modules-2\files-2.1\net.minecraftforge\fmlloader\1.20.1-47.3.22\a147e761ce103ec09eb42bfcf793a8b20e68ac15\fmlloader-1.20.1-47.3.22.jar;C:\Users\user\.gradle\caches\modules-2\files-2.1\net.minecraftforge\JarJarSelector\0.3.19\376cc9c8ea60720cf027c01fc033de915699801c\JarJarSelector-0.3.19.jar;C:\Users\user\.gradle\caches\modules-2\files-2.1\net.minecraftforge\JarJarMetadata\0.3.19\83feaa9b770e6ac0e96ee4fc23fa89325c5fe2\JarJarMetadata-0.3.19.jar;C:\Users\user\.gradle\caches\modules-2\files-2.1\com.google.guava\guava\31.1-jre\60458f877d055d0c9114d9e1a2efb737b4bc282c\guava-31.1-jre.jar;C:\Users\user\.gradle\caches\modules-2\files-2.1\com.google.code.findbugs\jsr305\3.0.2\25ea2e8b0c338a877313bd4672d3fe056ea78f0d\jsr305-3.0.2.jar;C:\Users\user\.gradle\caches\modules-2\files-2.1\ca.weblite\java-objc-bridge\1.1\1227f9e0666314f9de41477e3ec277e542ed7f7b\java-objc-bridge-1.1.jar;C:\Users\user\.gradle\caches\modules-2\files-2.1\net.minecraftforge\forgespi\7.0.1\3b4972a0cdb135853dba219be61a79b22cff1309\forgespi-7.0.1.jar;C:\Users\user\.gradle\caches\modules-2\files-2.1\net.minecraftforge\mergetool\1.1.5\f3da18e12c696d35a47c82cbb2cc8b5aa15e1154\mergetool-1.1.5-api.jar;C:\Users\user\.gradle\caches\modules-2\files-2.1\org.jetbrains\annotations\24.0.1\13c5c75c4206580aa4d683bffee658caae6c9f43\annotations-24.0.1.jar;C:\Users\user\.gradle\caches\forge_gradle\mcp_repo\net\minecraft\mapping\1.20.1\mapping-1.20.1-mapping.zip;C:\Users\user\.gradle\caches\modules-2\files-2.1\net.minecraftforge\accesstransformers\8.0.4\272d240aa73f42195b2a68e2ebd8b701ecf41f63\accesstransformers-8.0.4.jar;C:\Users\user\.gradle\caches\modules-2\files-2.1\net.minecraftforge\eventbus\6.0.5\699143dd438431d06b57416944f7cedbe52e1475\eventbus-6.0.5.jar;C:\Users\user\.gradle\caches\modules-2\files-2.1\cpw.mods\modlauncher\10.0.9\6d9443f56f50bb85cea383686ff9c867391458b\modlauncher-10.0.9.jar;C:\Users\user\.gradle\caches\modules-2\files-2.1\cpw.mods\bootstraplauncher\1.1.2\c546e00443d8432cda6baa1c860346980742628\bootstraplauncher-1.1.2.jar;C:\Users\user\.gradle\caches\modules-2\files-2.1\cpw.mods\securejarhandler\2.1.10\51e6a22c6c716beb11e244bf5b8be480f51dd6b5\securejarhandler-2.1.10.jar;C:\Users\user\.gradle\caches\modules-2\files-2.1\net.minecraftforge\coremods\5.2.4\e30bab269d896613e38396274711410b3a0e4b87\coremods-5.2.4.jar;C:\Users\user\.gradle\caches\modules-2\files-2.1\org.openjdk.nashorn\nashorn-core\15.4\f67f5ffaa5f5130cf6fb9b133da00c7df3b532a5\nashorn-core-15.4.jar;C:\Users\user\.gradle\caches\modules-2\files-2.1\org.ow2.asm\asm-commons\9.7.1\406c6a2225cfe1819f102a161e54cc16a5c24f75\asm-commons-9.7.1.jar;C:\Users\user\.gradle\caches\modules-2\files-2.1\org.ow2.asm\asm-util\9.7.1\9e23359b598ec6b74b23e53110dd5c577adf2243\asm-util-9.7.1.jar;C:\Users\user\.gradle\caches\modules-2\files-2.1\org.ow2.asm\asm-analysis\9.7.1\f97a3b319f0ed6a8cd944dc79060d3912a28985f\asm-analysis-9.7.1.jar;C:\Users\user\.gradle\caches\modules-2\files-2.1\org.ow2.asm\asm-tree\9.7.1\3a53139787663b139de76b627fca0084ab60d32c\asm-tree-9.7.1.jar;C:\Users\user\.gradle\caches\modules-2\files-2.1\org.ow2.asm\asm\9.7.1\f0ed132a49244b042cd0e15702ab9f2ce3cc8436\asm-9.7.1.jar;C:\Users\user\.gradle\caches\modules-2\files-2.1\org.antlr\antlr4\4.9.1\e92af8ab33e428461927b484e90bb155a4f3a052\antlr4-4.9.1.jar;C:\Users\user\.gradle\caches\modules-2\files-2.1\org.antlr\antlr4-runtime\4.9.1\428664f05d2b7f7b7610204b5aa7c1763f62011a\antlr4-runtime-4.9.1.jar;C:\Users\user\.gradle\caches\modules-2\files-2.1\net.minecraftforge\unsafe\0.2.0\54d7a0a5e8fdb71b973025caa46f341ae5904f39\unsafe-0.2.0.jar;C:\Users\user\.gradle\caches\modules-2\files-2.1\com.electronwill.night-config\toml\3.6.4\51d6cefb2b55ee55ee26b16391212fb2c7dfb4f4\toml-3.6.4.jar;C:\Users\user\.gradle\caches\modules-2\files-2.1\com.electronwill.night-config\core\3.6.4\510f174abbf1c947494db50ef2445683bd52c230\core-3.6.4.jar;C:\Users\user\.gradle\caches\modules-2\files-2.1\org.apache.maven\maven-artifact\3.8.5\4433f50c07debefaed0553bd0068f4f48d449313\maven-artifact-3.8.5.jar;C:\Users\user\.gradle\caches\modules-2\files-2.1\net.jodah\typetools\0.6.3\a01aaa6ddaea9ec07ec4f209487b7a46a526283a\typetools-0.6.3.jar;C:\Users\user\.gradle\caches\modules-2\files-2.1\net.minecrell\terminalconsoleappender\1.2.0\96d02cd3b384ff015a8fef4223bcb4ccf1717c95\terminalconsoleappender-1.2.0.jar;C:\Users\user\.gradle\caches\modules-2\files-2.1\org.jline\jline-reader\3.12.1\4382ab1382c7b6f379377ed5f665dc2f6e1218bc\jline-reader-3.12.1.jar;C:\Users\user\.gradle\caches\modules-2\files-2.1\org.jline\jline-terminal\3.12.1\c777448314e050d980a6b697c140f3bfe9eb7416\jline-terminal-3.12.1.jar;C:\Users\user\.gradle\caches\modules-2\files-2.1\org.spongepowered\mixin\0.8.5\9d1c0c3a304ae6697ecd477218fa61b850bf57fc\mixin-0.8.5.jar;C:\Users\user\.gradle\caches\modules-2\files-2.1\net.minecraftforge\JarJarFileSystems\0.3.19\2464eb7d6b9ddb9db36a82cf8a95193e5c6fe020\JarJarFileSystems-0.3.19.jar;C:\Users\user\.gradle\caches\modules-2\files-2.1\com.github.oshi\oshi-core\6.2.2\54f5efc19bca95d709d9a37d19ffcbba3d21c1a6\oshi-core-6.2.2.jar;C:\Users\user\.gradle\caches\modules-2\files-2.1\com.google.code.gson\gson\2.10\dd9b193aef96e973d5a11ab13cd17430c2e4306b\gson-2.10.jar;C:\Users\user\.gradle\caches\modules-2\files-2.1\com.google.guava\failureaccess\1.0.1\1dcf1de382a0bf95a3d8b0849546c88bac1292c9\failureaccess-1.0.1.jar;C:\Users\user\.gradle\caches\modules-2\files-2.1\com.ibm.icu\icu4j\71.1\9e7d3304c23f9ba5cb71915f7cce23231a57a445\icu4j-71.1.jar;C:\Users\user\.gradle\caches\modules-2\files-2.1\com.mojang\authlib\4.0.43\2ff9d747a77570a07a60d32ac77eb6162ad2a2d9\authlib-4.0.43.jar;C:\Users\user\.gradle\caches\modules-2\files-2.1\com.mojang\blocklist\1.0.10\5c685c5ffa94c4cd39496c7184c1d122e515ecef\blocklist-1.0.10.jar;C:\Users\user\.gradle\caches\modules-2\files-2.1\com.mojang\brigadier\1.1.8\5244ce82c3337bba4a196a3ce858bfaecc74404a\brigadier-1.1.8.jar;C:\Users\user\.gradle\caches\modules-2\files-2.1\com.mojang\datafixerupper\6.0.8\3ba4a30557a9b057760af4011f909ba619fc5125\datafixerupper-6.0.8.jar;C:\Users\user\.gradle\caches\modules-2\files-2.1\com.mojang\logging\1.1.1\832b8e6674a9b325a5175a3a6267dfaf34c85139\logging-1.1.1.jar;C:\Users\user\.gradle\caches\modules-2\files-2.1\com.mojang\patchy\2.2.10\da05971b07cbb379d002cf7eaec6a2048211fefc\patchy-2.2.10.jar;C:\Users\user\.gradle\caches\modules-2\files-2.1\com.mojang\text2speech\1.17.9\3cad216e3a7f0c19b4b394388bc9ffc446f13b14\text2speech-1.17.9.jar;C:\Users\user\.gradle\caches\modules-2\files-2.1\org.apache.httpcomponents\httpclient\4.5.13\e5f6cae5ca7ecaac1ec2827a9e2d65ae2869cada\httpclient-4.5.13.jar;C:\Users\user\.gradle\caches\modules-2\files-2.1\commons-codec\commons-codec\1.15\49d94806b6e3dc933dacbd8acb0fdbab8ebd1e5d\commons-codec-1.15.jar;C:\Users\user\.gradle\caches\modules-2\files-2.1\commons-io\commons-io\2.11.0\a2503f302b11ebde7ebc3df41daebe0e4eea3689\commons-io-2.11.0.jar;C:\Users\user\.gradle\caches\modules-2\files-2.1\commons-logging\commons-logging\1.2\4bfc12adfe4842bf07b657f0369c4cb522955686\commons-logging-1.2.jar;C:\Users\user\.gradle\caches\modules-2\files-2.1\io.netty\netty-handler\4.1.82.Final\644041d1fa96a5d3130a29e8978630d716d76e38\netty-handler-4.1.82.Final.jar;C:\Users\user\.gradle\caches\modules-2\files-2.1\io.netty\netty-codec\4.1.82.Final\b77200379acb345a9ffdece1c605e591ac3e4e0a\netty-codec-4.1.82.Final.jar;C:\Users\user\.gradle\caches\modules-2\files-2.1\io.netty\netty-transport-classes-epoll\4.1.82.Final\e7c7dd18deac93105797f30057c912651ea76521\netty-transport-classes-epoll-4.1.82.Final.jar;C:\Users\user\.gradle\caches\modules-2\files-2.1\io.netty\netty-transport-native-unix-common\4.1.82.Final\3e895b35ca1b8a0eca56cacff4c2dde5d2c6abce\netty-transport-native-unix-common-4.1.82.Final.jar;C:\Users\user\.gradle\caches\modules-2\files-2.1\io.netty\netty-transport\4.1.82.Final\e431a218d91acb6476ccad5f5aafde50aa3945ca\netty-transport-4.1.82.Final.jar;C:\Users\user\.gradle\caches\modules-2\files-2.1\io.netty\netty-buffer\4.1.82.Final\a544270cf1ae8b8077082f5036436a9a9971ea71\netty-buffer-4.1.82.Final.jar;C:\Users\user\.gradle\caches\modules-2\files-2.1\io.netty\netty-resolver\4.1.82.Final\38f665ae8dcd29032eea31245ba7806bed2e0fa8\netty-resolver-4.1.82.Final.jar;C:\Users\user\.gradle\caches\modules-2\files-2.1\io.netty\netty-common\4.1.82.Final\22d148e85c3f5ebdacc0ce1f5aabb1d420f73f3\netty-common-4.1.82.Final.jar;C:\Users\user\.gradle\caches\modules-2\files-2.1\it.unimi.dsi\fastutil\8.5.9\bb7ea75ecdb216654237830b3a96d87ad91f8cc5\fastutil-8.5.9.jar;C:\Users\user\.gradle\caches\modules-2\files-2.1\net.java.dev.jna\jna-platform\5.12.1\97406a297c852f4a41e688a176ec675f72e8329\jna-platform-5.12.1.jar;C:\Users\user\.gradle\caches\modules-2\files-2.1\net.java.dev.jna\jna\5.12.1\b1e93a735caea94f503e95e6fe79bf9cdc1e985d\jna-5.12.1.jar;C:\Users\user\.gradle\caches\modules-2\files-2.1\net.sf.jopt-simple\jopt-simple\5.0.4\4fdac2fbe92dfad86aa6e9301736f6b4342a3f5c\jopt-simple-5.0.4.jar;C:\Users\user\.gradle\caches\modules-2\files-2.1\org.apache.commons\commons-compress\1.21\4ec95b60d4e86b5c95a0e919cb172a0af98011ef\commons-compress-1.21.jar;C:\Users\user\.gradle\caches\modules-2\files-2.1\org.apache.commons\commons-lang3\3.12.0\c6842c86792ff03b9f1d1fe2aab8dc23aa6c6f0e\commons-lang3-3.12.0.jar;C:\Users\user\.gradle\caches\modules-2\files-2.1\org.apache.httpcomponents\httpcore\4.4.15\7f2e0c573eaa7a74bac2e89b359e1f73d92a0a1d\httpcore-4.4.15.jar;C:\Users\user\.gradle\caches\modules-2\files-2.1\org.apache.logging.log4j\log4j-core\2.19.0\3b6eeb4de4c49c0fe38a4ee27188ff5fee44d0bb\log4j-core-2.19.0.jar;C:\Users\user\.gradle\caches\modules-2\files-2.1\org.apache.logging.log4j\log4j-slf4j2-impl\2.19.0\5c04bfdd63ce9dceb2e284b81e96b6a70010ee10\log4j-slf4j2-impl-2.19.0.jar;C:\Users\user\.gradle\caches\modules-2\files-2.1\org.apache.logging.log4j\log4j-api\2.19.0\ea1b37f38c327596b216542bc636cfdc0b8036fa\log4j-api-2.19.0.jar;C:\Users\user\.gradle\caches\modules-2\files-2.1\org.joml\joml\1.10.5\22566d58af70ad3d72308bab63b8339906deb649\joml-1.10.5.jar;C:\Users\user\.gradle\caches\modules-2\files-2.1\org.lwjgl\lwjgl-glfw\3.3.1\cbac1b8d30cb4795149c1ef540f912671a8616d0\lwjgl-glfw-3.3.1.jar;C:\Users\user\.gradle\caches\modules-2\files-2.1\org.lwjgl\lwjgl-glfw\3.3.1\ed892f945cf7e79c8756796f32d00fa4ceaf573b\lwjgl-glfw-3.3.1-natives-windows.jar;C:\Users\user\.gradle\caches\modules-2\files-2.1\org.lwjgl\lwjgl-glfw\3.3.1\beda65ee503443e60aa196d58ed31f8d001dc22a\lwjgl-glfw-3.3.1-natives-windows-arm64.jar;C:\Users\user\.gradle\caches\modules-2\files-2.1\org.lwjgl\lwjgl-glfw\3.3.1\b997e3391d6ce8f05487e7335d95c606043884a1\lwjgl-glfw-3.3.1-natives-windows-x86.jar;C:\Users\user\.gradle\caches\modules-2\files-2.1\org.lwjgl\lwjgl-jemalloc\3.3.1\a817bcf213db49f710603677457567c37d53e103\lwjgl-jemalloc-3.3.1.jar;C:\Users\user\.gradle\caches\modules-2\files-2.1\org.lwjgl\lwjgl-jemalloc\3.3.1\948a89b76a16aa324b046ae9308891216ffce5f9\lwjgl-jemalloc-3.3.1-natives-windows.jar;C:\Users\user\.gradle\caches\modules-2\files-2.1\org.lwjgl\lwjgl-jemalloc\3.3.1\cae85c4edb219c88b6a0c26a87955ad98dc9519d\lwjgl-jemalloc-3.3.1-natives-windows-arm64.jar;C:\Users\user\.gradle\caches\modules-2\files-2.1\org.lwjgl\lwjgl-jemalloc\3.3.1\fb476c8ec110e1c137ad3ce8a7f7bfe6b11c6324\lwjgl-jemalloc-3.3.1-natives-windows-x86.jar;C:\Users\user\.gradle\caches\modules-2\files-2.1\org.lwjgl\lwjgl-openal\3.3.1\2623a6b8ae1dfcd880738656a9f0243d2e6840bd\lwjgl-openal-3.3.1.jar;C:\Users\user\.gradle\caches\modules-2\files-2.1\org.lwjgl\lwjgl-openal\3.3.1\30a474d0e57193d7bc128849a3ab66bc9316fdb1\lwjgl-openal-3.3.1-natives-windows.jar;C:\Users\user\.gradle\caches\modules-2\files-2.1\org.lwjgl\lwjgl-openal\3.3.1\40d65f1a7368a2aa47336f9cb69f5a190cf9975a\lwjgl-openal-3.3.1-natives-windows-arm64.jar;C:\Users\user\.gradle\caches\modules-2\files-2.1\org.lwjgl\lwjgl-openal\3.3.1\888349f7b1be6fbae58bf8edfb9ef12def04c4e3\lwjgl-openal-3.3.1-natives-windows-x86.jar;C:\Users\user\.gradle\caches\modules-2\files-2.1\org.lwjgl\lwjgl-opengl\3.3.1\831a5533a21a5f4f81bbc51bb13e9899319b5411\lwjgl-opengl-3.3.1.jar;C:\Users\user\.gradle\caches\modules-2\files-2.1\org.lwjgl\lwjgl-opengl\3.3.1\c1807e9bd571402787d7e37e3029776ae2513bb8\lwjgl-opengl-3.3.1-natives-windows.jar;C:\Users\user\.gradle\caches\modules-2\files-2.1\org.lwjgl\lwjgl-opengl\3.3.1\527d78f1e9056aff3ed02ce93019c73c5e8f1721\lwjgl-opengl-3.3.1-natives-windows-arm64.jar;C:\Users\user\.gradle\caches\modules-2\files-2.1\org.lwjgl\lwjgl-opengl\3.3.1\deef3eb9b178ff2ff3ce893cc72ae741c3a17974\lwjgl-opengl-3.3.1-natives-windows-x86.jar;C:\Users\user\.gradle\caches\modules-2\files-2.1\org.lwjgl\lwjgl-stb\3.3.1\b119297cf8ed01f247abe8685857f8e7fcf5980f\lwjgl-stb-3.3.1.jar;C:\Users\user\.gradle\caches\modules-2\files-2.1\org.lwjgl\lwjgl-stb\3.3.1\86315914ac119efdb02dc9e8e978ade84f1702af\lwjgl-stb-3.3.1-natives-windows.jar;C:\Users\user\.gradle\caches\modules-2\files-2.1\org.lwjgl\lwjgl-stb\3.3.1\fde63cdd2605c00636721a6c8b961e41d1f6b247\lwjgl-stb-3.3.1-natives-windows-arm64.jar;C:\Users\user\.gradle\caches\modules-2\files-2.1\org.lwjgl\lwjgl-stb\3.3.1\a8d41f419eecb430b7c91ea2ce2c5c451cae2091\lwjgl-stb-3.3.1-natives-windows-x86.jar;C:\Users\user\.gradle\caches\modules-2\files-2.1\org.lwjgl\lwjgl-tinyfd\3.3.1\ff1914111ef2e3e0110ef2dabc8d8cdaad82347\lwjgl-tinyfd-3.3.1.jar;C:\Users\user\.gradle\caches\modules-2\files-2.1\org.lwjgl\lwjgl-tinyfd\3.3.1\a5d830475ec0958d9fdba1559efa99aef211e6ff\lwjgl-tinyfd-3.3.1-natives-windows.jar;C:\Users\user\.gradle\caches\modules-2\files-2.1\org.lwjgl\lwjgl-tinyfd\3.3.1\83a5e780df610829ff3a737822b4f931cffecd91\lwjgl-tinyfd-3.3.1-natives-windows-arm64.jar;C:\Users\user\.gradle\caches\modules-2\files-2.1\org.lwjgl\lwjgl-tinyfd\3.3.1\842eedd876fae354abc308c98a263f6bbc9e8a4d\lwjgl-tinyfd-3.3.1-natives-windows-x86.jar;C:\Users\user\.gradle\caches\modules-2\files-2.1\org.lwjgl\lwjgl\3.3.1\ae58664f88e18a9bb2c77b063833ca7aaec484cb\lwjgl-3.3.1.jar;C:\Users\user\.gradle\caches\modules-2\files-2.1\org.lwjgl\lwjgl\3.3.1\36c37f16ab611b3aa11f3bcf80b1d509b4ce6b\lwjgl-3.3.1-natives-windows.jar;C:\Users\user\.gradle\caches\modules-2\files-2.1\org.lwjgl\lwjgl\3.3.1\f46cadcf95675908fd3a550d63d9d709cb68998\lwjgl-3.3.1-natives-windows-arm64.jar;C:\Users\user\.gradle\caches\modules-2\files-2.1\org.lwjgl\lwjgl\3.3.1\3b14f4beae9dd39791ec9e12190a9380cd8a3ce6\lwjgl-3.3.1-natives-windows-x86.jar;C:\Users\user\.gradle\caches\modules-2\files-2.1\com.machinezoo.noexception\noexception\1.7.1\b65330c98e38a1f915fa54a6e5eca496505e3f0a\noexception-1.7.1.jar;C:\Users\user\.gradle\caches\modules-2\files-2.1\org.slf4j\slf4j-simple\1.7.30\e606eac955f55ecf1d8edcccba04eb8ac98088dd\slf4j-simple-1.7.30.jar;C:\Users\user\.gradle\caches\modules-2\files-2.1\org.slf4j\slf4j-api\2.0.1\f48d81adce2abf5ad3cfe463df517952749e03bc\slf4j-api-2.0.1.jar;C:\Users\user\.gradle\caches\modules-2\files-2.1\net.minecraftforge\srgutils\0.4.11\fbad1341ffdb47d276bbdc40ecb06da49e053e74\srgutils-0.4.11.jar;C:\Users\user\.gradle\caches\modules-2\files-2.1\org.codehaus.plexus\plexus-utils\3.3.0\cf43b5391de623b36fe066a21127baef82c64022\plexus-utils-3.3.0.jar;C:\Users\user\.gradle\caches\modules-2\files-2.1\com.google.guava\listenablefuture\9999.0-empty-to-avoid-conflict-with-guava\b421526c5f297295adef1c886e5246c39d4ac629\listenablefuture-9999.0-empty-to-avoid-conflict-with-guava.jar;C:\Users\user\.gradle\caches\modules-2\files-2.1\org.checkerframework\checker-qual\3.12.0\d5692f0526415fcc6de94bb5bfbd3afd9dd3b3e5\checker-qual-3.12.0.jar;C:\Users\user\.gradle\caches\modules-2\files-2.1\com.google.errorprone\error_prone_annotations\2.11.0\c5a0ace696d3f8b1c1d8cc036d8c03cc0cbe6b69\error_prone_annotations-2.11.0.jar;C:\Users\user\.gradle\caches\modules-2\files-2.1\com.google.j2objc\j2objc-annotations\1.3\ba035118bc8bac37d7eff77700720999acd9986d\j2objc-annotations-1.3.jar;C:\Users\user\.gradle\caches\modules-2\files-2.1\org.antlr\ST4\4.3\92f2c1ad8d84abcbeead6cf7f2c53a04166293c2\ST4-4.3.jar;C:\Users\user\.gradle\caches\modules-2\files-2.1\org.antlr\antlr-runtime\3.5.2\cd9cd41361c155f3af0f653009dcecb08d8b4afd\antlr-runtime-3.5.2.jar;C:\Users\user\.gradle\caches\modules-2\files-2.1\org.abego.treelayout\org.abego.treelayout.core\1.0.3\457216e8e6578099ae63667bb1e4439235892028\org.abego.treelayout.core-1.0.3.jar;C:\Users\user\.gradle\caches\modules-2\files-2.1\org.glassfish\javax.json\1.0.4\3178f73569fd7a1e5ffc464e680f7a8cc784b85a\javax.json-1.0.4.jar
Launcher Type: SUN_STANDARD

[Global flags]
     intx CICompilerCount                          = 3                                         {product} {ergonomic}
     uint ConcGCThreads                            = 1                                         {product} {ergonomic}
     uint G1ConcRefinementThreads                  = 4                                         {product} {ergonomic}
   size_t G1HeapRegionSize                         = 2097152                                   {product} {ergonomic}
    ccstr HeapDumpPath                             = MojangTricksIntelDriversForPerformance_javaw.exe_minecraft.exe.heapdump         {manageable} {command line}
   size_t InitialHeapSize                          = 268435456                                 {product} {ergonomic}
   size_t MarkStackSize                            = 4194304                                   {product} {ergonomic}
   size_t MaxHeapSize                              = 4278190080                                {product} {ergonomic}
   size_t MaxNewSize                               = 2566914048                                {product} {ergonomic}
   size_t MinHeapDeltaBytes                        = 2097152                                   {product} {ergonomic}
   size_t MinHeapSize                              = 8388608                                   {product} {ergonomic}
    uintx NonNMethodCodeHeapSize                   = 5832780                                {pd product} {ergonomic}
    uintx NonProfiledCodeHeapSize                  = 122912730                              {pd product} {ergonomic}
    uintx ProfiledCodeHeapSize                     = 122912730                              {pd product} {ergonomic}
    uintx ReservedCodeCacheSize                    = 251658240                              {pd product} {ergonomic}
     bool SegmentedCodeCache                       = true                                      {product} {ergonomic}
   size_t SoftMaxHeapSize                          = 4278190080                             {manageable} {ergonomic}
     bool UseCompressedOops                        = true                           {product lp64_product} {ergonomic}
     bool UseG1GC                                  = true                                      {product} {ergonomic}
     bool UseLargePagesIndividualAllocation        = false                                  {pd product} {ergonomic}

Logging:
Log output configuration:
 #0: stdout all=warning uptime,level,tags foldmultilines=false
 #1: stderr all=off uptime,level,tags foldmultilines=false

Environment Variables:
PATH=C:\Program Files\Common Files\Oracle\Java\javapath;C:\Program Files (x86)\Common Files\Oracle\Java\java8path;C:\Program Files (x86)\Common Files\Oracle\Java\javapath;C:\Windows\system32;C:\Windows;C:\Windows\System32\Wbem;C:\Windows\System32\WindowsPowerShell\v1.0\;C:\Windows\System32\OpenSSH\;C:\Program Files (x86)\NVIDIA Corporation\PhysX\Common;C:\Program Files\dotnet\;C:\Program Files\Git\cmd;D:\Windows Kits\10\Windows Performance Toolkit\;C:\Users\user\AppData\Local\Microsoft\WindowsApps;C:\Users\user\AppData\Local\atom\bin;C:\Users\user\AppData\Local\Muse Hub\lib
USERNAME=user
OS=Windows_NT
PROCESSOR_IDENTIFIER=Intel64 Family 6 Model 58 Stepping 9, GenuineIntel
TMP=C:\Users\user\AppData\Local\Temp
TEMP=C:\Users\user\AppData\Local\Temp




Periodic native trim disabled

---------------  S Y S T E M  ---------------

OS:
 Windows 10 , 64 bit Build 19041 (10.0.19041.5915)
OS uptime: 0 days 15:02 hours
Hyper-V role detected

CPU: total 4 (initial active 4) (4 cores per cpu, 1 threads per core) family 6 model 58 stepping 9 microcode 0x21, cx8, cmov, fxsr, mmx, sse, sse2, sse3, ssse3, sse4.1, sse4.2, popcnt, tsc, tscinvbit, avx, aes, erms, clmul, vzeroupper, clflush, hv, rdtscp, f16c
Processor Information for all 4 processors :
  Max Mhz: 3201, Current Mhz: 3201, Mhz Limit: 3201

Memory: 4k page, system-wide physical 16312M (5223M free)
TotalPageFile size 19871M (AvailPageFile size 3493M)
current process WorkingSet (physical memory assigned to process): 341M, peak: 346M
current process commit charge ("private bytes"): 453M, peak: 457M

vm_info: OpenJDK 64-Bit Server VM (22.0.2+9-FR) for windows-amd64 JRE (22.0.2+9-FR), built on 2024-07-09T01:10:09Z by "Administrator" with MS VC++ 16.10 / 16.11 (VS2019)

END.
